[07:06:08.943] [ERROR] [ERROR] MongoDB query failed | Collection: Operation sheet | Operation: delete | Caused by :: Write conflict during plan execution and yielding is disabled. :: Please retry your operation or multi-document transaction.
[07:06:09.162] [ERROR] [ERROR] MongoDB query failed | Collection: 1 | Operation: abortTransaction | Transaction with { txnNumber: 7 } has been aborted.
[07:06:09.427] [ERROR] [ERROR] MongoDB query failed | Collection: Operation sheet | Operation: delete | Caused by :: Write conflict during plan execution and yielding is disabled. :: Please retry your operation or multi-document transaction.
[07:06:09.650] [ERROR] [ERROR] MongoDB query failed | Collection: 1 | Operation: abortTransaction | Transaction with { txnNumber: 8 } has been aborted.
[07:06:09.911] [ERROR] [ERROR] MongoDB query failed | Collection: Operation sheet | Operation: delete | Caused by :: Write conflict during plan execution and yielding is disabled. :: Please retry your operation or multi-document transaction.
[07:06:10.178] [ERROR] [ERROR] MongoDB query failed | Collection: 1 | Operation: abortTransaction | Transaction with { txnNumber: 9 } has been aborted.
[07:06:10.436] [ERROR] [ERROR] MongoDB query failed | Collection: Operation sheet | Operation: delete | Caused by :: Write conflict during plan execution and yielding is disabled. :: Please retry your operation or multi-document transaction.
[07:06:10.697] [ERROR] [ERROR] MongoDB query failed | Collection: 1 | Operation: abortTransaction | Transaction with { txnNumber: 10 } has been aborted.
[07:06:10.955] [ERROR] [ERROR] MongoDB query failed | Collection: Operation sheet | Operation: delete | Caused by :: Write conflict during plan execution and yielding is disabled. :: Please retry your operation or multi-document transaction.
[07:06:11.214] [ERROR] [ERROR] MongoDB query failed | Collection: 1 | Operation: abortTransaction | Transaction with { txnNumber: 11 } has been aborted.
[07:06:11.433] [ERROR] [ERROR] MongoDB query failed | Collection: Operation sheet | Operation: delete | Caused by :: Write conflict during plan execution and yielding is disabled. :: Please retry your operation or multi-document transaction.
[07:06:11.655] [ERROR] [ERROR] MongoDB query failed | Collection: 1 | Operation: abortTransaction | Transaction with { txnNumber: 12 } has been aborted.
[07:06:11.886] [ERROR] [ERROR] MongoDB query failed | Collection: Operation sheet | Operation: delete | Caused by :: Write conflict during plan execution and yielding is disabled. :: Please retry your operation or multi-document transaction.
[07:06:12.100] [ERROR] [ERROR] MongoDB query failed | Collection: 1 | Operation: abortTransaction | Transaction with { txnNumber: 13 } has been aborted.
[07:06:12.315] [ERROR] [ERROR] MongoDB query failed | Collection: Operation sheet | Operation: delete | Caused by :: Write conflict during plan execution and yielding is disabled. :: Please retry your operation or multi-document transaction.
[07:06:12.532] [ERROR] [ERROR] MongoDB query failed | Collection: 1 | Operation: abortTransaction | Transaction with { txnNumber: 14 } has been aborted.
[07:06:12.748] [ERROR] [ERROR] MongoDB query failed | Collection: Operation sheet | Operation: delete | Caused by :: Write conflict during plan execution and yielding is disabled. :: Please retry your operation or multi-document transaction.
[07:06:13.271] [ERROR] [ERROR] MongoDB query failed | Collection: 1 | Operation: abortTransaction | Transaction with { txnNumber: 15 } has been aborted.
[07:06:14.741] [WARN] [API] GET /api/public/v1/offlease/efficiency -> 401: Missing API key. Pass it in the X-Api-Key header.
[07:06:30.031] [WARN] [API] GET /api/public/v1/offlease/efficiency -> 403: This API key does not have access to the "offleaseefficiency" data domain.
[07:06:47.010] [WARN] [API] GET /api/public/v1/offlease/efficiency -> 401: Invalid or revoked API key.
[07:11:09.227] [ERROR] [ERROR] MongoDB query failed | Collection: Operation sheet | Operation: delete | Caused by :: Write conflict during plan execution and yielding is disabled. :: Please retry your operation or multi-document transaction.
[07:11:09.484] [ERROR] [ERROR] MongoDB query failed | Collection: 1 | Operation: abortTransaction | Transaction with { txnNumber: 6 } has been aborted.
[07:11:09.743] [ERROR] [ERROR] MongoDB query failed | Collection: Operation sheet | Operation: delete | Caused by :: Write conflict during plan execution and yielding is disabled. :: Please retry your operation or multi-document transaction.
[07:11:10.005] [ERROR] [ERROR] MongoDB query failed | Collection: 1 | Operation: abortTransaction | Transaction with { txnNumber: 7 } has been aborted.
[07:11:10.213] [ERROR] [ERROR] MongoDB query failed | Collection: Operation sheet | Operation: delete | Caused by :: Write conflict during plan execution and yielding is disabled. :: Please retry your operation or multi-document transaction.
[07:11:10.469] [ERROR] [ERROR] MongoDB query failed | Collection: 1 | Operation: abortTransaction | Transaction with { txnNumber: 8 } has been aborted.
[07:11:10.700] [ERROR] [ERROR] MongoDB query failed | Collection: Operation sheet | Operation: delete | Caused by :: Write conflict during plan execution and yielding is disabled. :: Please retry your operation or multi-document transaction.
[07:11:10.955] [ERROR] [ERROR] MongoDB query failed | Collection: 1 | Operation: abortTransaction | Transaction with { txnNumber: 9 } has been aborted.
[07:11:11.212] [ERROR] [ERROR] MongoDB query failed | Collection: Operation sheet | Operation: delete | Caused by :: Write conflict during plan execution and yielding is disabled. :: Please retry your operation or multi-document transaction.
[07:11:11.480] [ERROR] [ERROR] MongoDB query failed | Collection: 1 | Operation: abortTransaction | Transaction with { txnNumber: 10 } has been aborted.
[07:11:11.736] [ERROR] [ERROR] MongoDB query failed | Collection: Operation sheet | Operation: delete | Caused by :: Write conflict during plan execution and yielding is disabled. :: Please retry your operation or multi-document transaction.
[07:11:11.994] [ERROR] [ERROR] MongoDB query failed | Collection: 1 | Operation: abortTransaction | Transaction with { txnNumber: 11 } has been aborted.
[07:11:12.251] [ERROR] [ERROR] MongoDB query failed | Collection: Operation sheet | Operation: delete | Caused by :: Write conflict during plan execution and yielding is disabled. :: Please retry your operation or multi-document transaction.
[07:11:12.509] [ERROR] [ERROR] MongoDB query failed | Collection: 1 | Operation: abortTransaction | Transaction with { txnNumber: 12 } has been aborted.
[07:11:12.778] [ERROR] [ERROR] MongoDB query failed | Collection: Operation sheet | Operation: delete | Caused by :: Write conflict during plan execution and yielding is disabled. :: Please retry your operation or multi-document transaction.
[07:11:13.034] [ERROR] [ERROR] MongoDB query failed | Collection: 1 | Operation: abortTransaction | Transaction with { txnNumber: 13 } has been aborted.
[07:16:08.461] [ERROR] [ERROR] MongoDB query failed | Collection: Operation sheet | Operation: delete | Caused by :: Write conflict during plan execution and yielding is disabled. :: Please retry your operation or multi-document transaction.
[07:16:08.718] [ERROR] [ERROR] MongoDB query failed | Collection: 1 | Operation: abortTransaction | Transaction with { txnNumber: 26 } has been aborted.
[07:16:08.979] [ERROR] [ERROR] MongoDB query failed | Collection: Operation sheet | Operation: delete | Caused by :: Write conflict during plan execution and yielding is disabled. :: Please retry your operation or multi-document transaction.
[07:16:09.194] [ERROR] [ERROR] MongoDB query failed | Collection: 1 | Operation: abortTransaction | Transaction with { txnNumber: 27 } has been aborted.
[07:16:09.448] [ERROR] [ERROR] MongoDB query failed | Collection: Operation sheet | Operation: delete | Caused by :: Write conflict during plan execution and yielding is disabled. :: Please retry your operation or multi-document transaction.
[07:16:09.705] [ERROR] [ERROR] MongoDB query failed | Collection: 1 | Operation: abortTransaction | Transaction with { txnNumber: 28 } has been aborted.
[07:16:09.961] [ERROR] [ERROR] MongoDB query failed | Collection: Operation sheet | Operation: delete | Caused by :: Write conflict during plan execution and yielding is disabled. :: Please retry your operation or multi-document transaction.
[07:16:10.223] [ERROR] [ERROR] MongoDB query failed | Collection: 1 | Operation: abortTransaction | Transaction with { txnNumber: 29 } has been aborted.
[07:16:10.477] [ERROR] [ERROR] MongoDB query failed | Collection: Operation sheet | Operation: delete | Caused by :: Write conflict during plan execution and yielding is disabled. :: Please retry your operation or multi-document transaction.
[07:16:10.733] [ERROR] [ERROR] MongoDB query failed | Collection: 1 | Operation: abortTransaction | Transaction with { txnNumber: 30 } has been aborted.
[07:16:10.990] [ERROR] [ERROR] MongoDB query failed | Collection: Operation sheet | Operation: delete | Caused by :: Write conflict during plan execution and yielding is disabled. :: Please retry your operation or multi-document transaction.
[07:16:11.249] [ERROR] [ERROR] MongoDB query failed | Collection: 1 | Operation: abortTransaction | Transaction with { txnNumber: 31 } has been aborted.
[07:16:11.462] [ERROR] [ERROR] MongoDB query failed | Collection: Operation sheet | Operation: delete | Caused by :: Write conflict during plan execution and yielding is disabled. :: Please retry your operation or multi-document transaction.
[07:16:11.720] [ERROR] [ERROR] MongoDB query failed | Collection: 1 | Operation: abortTransaction | Transaction with { txnNumber: 32 } has been aborted.
[07:16:11.977] [ERROR] [ERROR] MongoDB query failed | Collection: Operation sheet | Operation: delete | Caused by :: Write conflict during plan execution and yielding is disabled. :: Please retry your operation or multi-document transaction.
[07:16:12.234] [ERROR] [ERROR] MongoDB query failed | Collection: 1 | Operation: abortTransaction | Transaction with { txnNumber: 33 } has been aborted.
[07:16:12.501] [ERROR] [ERROR] MongoDB query failed | Collection: Operation sheet | Operation: delete | Caused by :: Write conflict during plan execution and yielding is disabled. :: Please retry your operation or multi-document transaction.
[07:16:12.762] [ERROR] [ERROR] MongoDB query failed | Collection: 1 | Operation: abortTransaction | Transaction with { txnNumber: 34 } has been aborted.
