[07:26:11.161] [ERROR] [ERROR] MongoDB query failed | Collection: Operation sheet | Operation: delete | Caused by :: Write conflict during plan execution and yielding is disabled. :: Please retry your operation or multi-document transaction.
[07:26:11.436] [ERROR] [ERROR] MongoDB query failed | Collection: 1 | Operation: abortTransaction | Transaction with { txnNumber: 4 } has been aborted.
[07:26:11.751] [ERROR] [ERROR] MongoDB query failed | Collection: Operation sheet | Operation: delete | Caused by :: Write conflict during plan execution and yielding is disabled. :: Please retry your operation or multi-document transaction.
[07:26:12.042] [ERROR] [ERROR] MongoDB query failed | Collection: 1 | Operation: abortTransaction | Transaction with { txnNumber: 5 } has been aborted.
[07:26:12.333] [ERROR] [ERROR] MongoDB query failed | Collection: Operation sheet | Operation: delete | Caused by :: Write conflict during plan execution and yielding is disabled. :: Please retry your operation or multi-document transaction.
[07:26:12.730] [ERROR] [ERROR] MongoDB query failed | Collection: 1 | Operation: abortTransaction | Transaction with { txnNumber: 6 } has been aborted.
[07:26:13.118] [ERROR] [ERROR] MongoDB query failed | Collection: Operation sheet | Operation: delete | Caused by :: Write conflict during plan execution and yielding is disabled. :: Please retry your operation or multi-document transaction.
[07:26:13.465] [ERROR] [ERROR] MongoDB query failed | Collection: 1 | Operation: abortTransaction | Transaction with { txnNumber: 7 } has been aborted.
[07:26:13.752] [ERROR] [ERROR] MongoDB query failed | Collection: Operation sheet | Operation: delete | Caused by :: Write conflict during plan execution and yielding is disabled. :: Please retry your operation or multi-document transaction.
[07:26:14.050] [ERROR] [ERROR] MongoDB query failed | Collection: 1 | Operation: abortTransaction | Transaction with { txnNumber: 8 } has been aborted.
[07:31:01.404] [ERROR] [ERROR] MongoDB query failed | Collection: New Lease | Operation: delete | Caused by :: Write conflict during plan execution and yielding is disabled. :: Please retry your operation or multi-document transaction.
[07:31:01.761] [ERROR] [ERROR] MongoDB query failed | Collection: 1 | Operation: abortTransaction | Transaction with { txnNumber: 20 } has been aborted.
[07:31:09.279] [ERROR] [ERROR] MongoDB query failed | Collection: Operation sheet | Operation: delete | Caused by :: Write conflict during plan execution and yielding is disabled. :: Please retry your operation or multi-document transaction.
[07:31:09.615] [ERROR] [ERROR] MongoDB query failed | Collection: 1 | Operation: abortTransaction | Transaction with { txnNumber: 23 } has been aborted.
[07:31:09.901] [ERROR] [ERROR] MongoDB query failed | Collection: Operation sheet | Operation: delete | Caused by :: Write conflict during plan execution and yielding is disabled. :: Please retry your operation or multi-document transaction.
[07:31:10.190] [ERROR] [ERROR] MongoDB query failed | Collection: 1 | Operation: abortTransaction | Transaction with { txnNumber: 24 } has been aborted.
[07:31:10.476] [ERROR] [ERROR] MongoDB query failed | Collection: Operation sheet | Operation: delete | Caused by :: Write conflict during plan execution and yielding is disabled. :: Please retry your operation or multi-document transaction.
[07:31:10.752] [ERROR] [ERROR] MongoDB query failed | Collection: 1 | Operation: abortTransaction | Transaction with { txnNumber: 25 } has been aborted.
[07:31:11.107] [ERROR] [ERROR] MongoDB query failed | Collection: Operation sheet | Operation: delete | Caused by :: Write conflict during plan execution and yielding is disabled. :: Please retry your operation or multi-document transaction.
[07:31:11.391] [ERROR] [ERROR] MongoDB query failed | Collection: 1 | Operation: abortTransaction | Transaction with { txnNumber: 26 } has been aborted.
[07:31:11.698] [ERROR] [ERROR] MongoDB query failed | Collection: Operation sheet | Operation: delete | Caused by :: Write conflict during plan execution and yielding is disabled. :: Please retry your operation or multi-document transaction.
[07:31:11.981] [ERROR] [ERROR] MongoDB query failed | Collection: 1 | Operation: abortTransaction | Transaction with { txnNumber: 27 } has been aborted.
[07:31:12.287] [ERROR] [ERROR] MongoDB query failed | Collection: Operation sheet | Operation: delete | Caused by :: Write conflict during plan execution and yielding is disabled. :: Please retry your operation or multi-document transaction.
[07:31:12.580] [ERROR] [ERROR] MongoDB query failed | Collection: 1 | Operation: abortTransaction | Transaction with { txnNumber: 28 } has been aborted.
[07:31:12.872] [ERROR] [ERROR] MongoDB query failed | Collection: Operation sheet | Operation: delete | Caused by :: Write conflict during plan execution and yielding is disabled. :: Please retry your operation or multi-document transaction.
[07:31:13.289] [ERROR] [ERROR] MongoDB query failed | Collection: 1 | Operation: abortTransaction | Transaction with { txnNumber: 29 } has been aborted.
[07:36:10.269] [ERROR] [ERROR] MongoDB query failed | Collection: Operation sheet | Operation: delete | Caused by :: Write conflict during plan execution and yielding is disabled. :: Please retry your operation or multi-document transaction.
[07:36:10.556] [ERROR] [ERROR] MongoDB query failed | Collection: 1 | Operation: abortTransaction | Transaction with { txnNumber: 27 } has been aborted.
[07:36:10.832] [ERROR] [ERROR] MongoDB query failed | Collection: Operation sheet | Operation: delete | Caused by :: Write conflict during plan execution and yielding is disabled. :: Please retry your operation or multi-document transaction.
[07:36:11.114] [ERROR] [ERROR] MongoDB query failed | Collection: 1 | Operation: abortTransaction | Transaction with { txnNumber: 28 } has been aborted.
[07:36:11.419] [ERROR] [ERROR] MongoDB query failed | Collection: Operation sheet | Operation: delete | Caused by :: Write conflict during plan execution and yielding is disabled. :: Please retry your operation or multi-document transaction.
[07:36:11.699] [ERROR] [ERROR] MongoDB query failed | Collection: 1 | Operation: abortTransaction | Transaction with { txnNumber: 29 } has been aborted.
[07:36:11.972] [ERROR] [ERROR] MongoDB query failed | Collection: Operation sheet | Operation: delete | Caused by :: Write conflict during plan execution and yielding is disabled. :: Please retry your operation or multi-document transaction.
[07:36:12.261] [ERROR] [ERROR] MongoDB query failed | Collection: 1 | Operation: abortTransaction | Transaction with { txnNumber: 30 } has been aborted.
[07:36:12.535] [ERROR] [ERROR] MongoDB query failed | Collection: Operation sheet | Operation: delete | Caused by :: Write conflict during plan execution and yielding is disabled. :: Please retry your operation or multi-document transaction.
[07:36:12.811] [ERROR] [ERROR] MongoDB query failed | Collection: 1 | Operation: abortTransaction | Transaction with { txnNumber: 31 } has been aborted.
[07:36:13.090] [ERROR] [ERROR] MongoDB query failed | Collection: Operation sheet | Operation: delete | Caused by :: Write conflict during plan execution and yielding is disabled. :: Please retry your operation or multi-document transaction.
[07:36:13.365] [ERROR] [ERROR] MongoDB query failed | Collection: 1 | Operation: abortTransaction | Transaction with { txnNumber: 32 } has been aborted.
[07:43:50.941] [ERROR] [ACCOUNTS-API] search failed: Accounts API login failed (200): Invalid Employee ID or password
[07:43:51.246] [ERROR] [ACCOUNTS-API] tally failed: Accounts API login failed (200): Invalid Employee ID or password
[07:43:55.668] [ERROR] [ACCOUNTS-API] search failed: Accounts API login failed (200): Invalid Employee ID or password
[07:43:55.949] [ERROR] [ACCOUNTS-API] tally failed: Accounts API login failed (200): Invalid Employee ID or password
[07:44:10.870] [ERROR] [ACCOUNTS-API] search failed: Accounts API login failed (200): Invalid Employee ID or password
[07:44:11.194] [ERROR] [ACCOUNTS-API] tally failed: Accounts API login failed (200): Too many attempts. Try again in a few minutes.
[07:44:24.787] [ERROR] [ACCOUNTS-API] search failed: Accounts API login failed (200): Too many attempts. Try again in a few minutes.
[07:44:24.830] [ERROR] [ACCOUNTS-API] search failed: Accounts API login failed (200): Invalid Employee ID or password
[07:44:24.864] [ERROR] [ACCOUNTS-API] search failed: Accounts API login failed (200): Invalid Employee ID or password
[07:44:25.038] [ERROR] [ACCOUNTS-API] tally failed: Accounts API login failed (200): Too many attempts. Try again in a few minutes.
[07:44:25.053] [ERROR] [ACCOUNTS-API] tally failed: Accounts API login failed (200): Too many attempts. Try again in a few minutes.
[07:44:25.087] [ERROR] [ACCOUNTS-API] tally failed: Accounts API login failed (200): Too many attempts. Try again in a few minutes.
[07:46:10.187] [ERROR] [ERROR] MongoDB query failed | Collection: Operation sheet | Operation: delete | Caused by :: Write conflict during plan execution and yielding is disabled. :: Please retry your operation or multi-document transaction.
[07:46:10.466] [ERROR] [ERROR] MongoDB query failed | Collection: 1 | Operation: abortTransaction | Transaction with { txnNumber: 32 } has been aborted.
[07:46:10.828] [ERROR] [ERROR] MongoDB query failed | Collection: Operation sheet | Operation: delete | Caused by :: Write conflict during plan execution and yielding is disabled. :: Please retry your operation or multi-document transaction.
[07:46:11.147] [ERROR] [ERROR] MongoDB query failed | Collection: 1 | Operation: abortTransaction | Transaction with { txnNumber: 33 } has been aborted.
[07:46:11.425] [ERROR] [ERROR] MongoDB query failed | Collection: Operation sheet | Operation: delete | Caused by :: Write conflict during plan execution and yielding is disabled. :: Please retry your operation or multi-document transaction.
[07:46:11.698] [ERROR] [ERROR] MongoDB query failed | Collection: 1 | Operation: abortTransaction | Transaction with { txnNumber: 34 } has been aborted.
[07:46:11.969] [ERROR] [ERROR] MongoDB query failed | Collection: Operation sheet | Operation: delete | Caused by :: Write conflict during plan execution and yielding is disabled. :: Please retry your operation or multi-document transaction.
[07:46:12.266] [ERROR] [ERROR] MongoDB query failed | Collection: 1 | Operation: abortTransaction | Transaction with { txnNumber: 35 } has been aborted.
[07:46:12.611] [ERROR] [ERROR] MongoDB query failed | Collection: Operation sheet | Operation: delete | Caused by :: Write conflict during plan execution and yielding is disabled. :: Please retry your operation or multi-document transaction.
[07:46:12.930] [ERROR] [ERROR] MongoDB query failed | Collection: 1 | Operation: abortTransaction | Transaction with { txnNumber: 36 } has been aborted.
[07:46:13.568] [ERROR] [ERROR] MongoDB query failed | Collection: Operation sheet | Operation: delete | Caused by :: Write conflict during plan execution and yielding is disabled. :: Please retry your operation or multi-document transaction.
[07:46:14.260] [ERROR] [ERROR] MongoDB query failed | Collection: 1 | Operation: abortTransaction | Transaction with { txnNumber: 37 } has been aborted.
[07:51:10.573] [ERROR] [ERROR] MongoDB query failed | Collection: Operation sheet | Operation: delete | Caused by :: Write conflict during plan execution and yielding is disabled. :: Please retry your operation or multi-document transaction.
[07:51:10.852] [ERROR] [ERROR] MongoDB query failed | Collection: 1 | Operation: abortTransaction | Transaction with { txnNumber: 69 } has been aborted.
[07:51:11.217] [ERROR] [ERROR] MongoDB query failed | Collection: Operation sheet | Operation: delete | Caused by :: Write conflict during plan execution and yielding is disabled. :: Please retry your operation or multi-document transaction.
[07:51:11.582] [ERROR] [ERROR] MongoDB query failed | Collection: 1 | Operation: abortTransaction | Transaction with { txnNumber: 70 } has been aborted.
[07:51:11.885] [ERROR] [ERROR] MongoDB query failed | Collection: Operation sheet | Operation: delete | Caused by :: Write conflict during plan execution and yielding is disabled. :: Please retry your operation or multi-document transaction.
[07:51:12.193] [ERROR] [ERROR] MongoDB query failed | Collection: 1 | Operation: abortTransaction | Transaction with { txnNumber: 71 } has been aborted.
[07:51:12.570] [ERROR] [ERROR] MongoDB query failed | Collection: Operation sheet | Operation: delete | Caused by :: Write conflict during plan execution and yielding is disabled. :: Please retry your operation or multi-document transaction.
[07:51:12.841] [ERROR] [ERROR] MongoDB query failed | Collection: 1 | Operation: abortTransaction | Transaction with { txnNumber: 72 } has been aborted.
[07:51:13.118] [ERROR] [ERROR] MongoDB query failed | Collection: Operation sheet | Operation: delete | Caused by :: Write conflict during plan execution and yielding is disabled. :: Please retry your operation or multi-document transaction.
[07:51:13.438] [ERROR] [ERROR] MongoDB query failed | Collection: 1 | Operation: abortTransaction | Transaction with { txnNumber: 73 } has been aborted.
[07:51:13.737] [ERROR] [ERROR] MongoDB query failed | Collection: Operation sheet | Operation: delete | Caused by :: Write conflict during plan execution and yielding is disabled. :: Please retry your operation or multi-document transaction.
[07:51:14.077] [ERROR] [ERROR] MongoDB query failed | Collection: 1 | Operation: abortTransaction | Transaction with { txnNumber: 74 } has been aborted.
[07:51:14.438] [ERROR] [ERROR] MongoDB query failed | Collection: Operation sheet | Operation: delete | Caused by :: Write conflict during plan execution and yielding is disabled. :: Please retry your operation or multi-document transaction.
[07:51:15.126] [ERROR] [ERROR] MongoDB query failed | Collection: 1 | Operation: abortTransaction | Transaction with { txnNumber: 75 } has been aborted.
[07:56:15.146] [ERROR] [ERROR] MongoDB query failed | Collection: Operation sheet | Operation: delete | Caused by :: Write conflict during plan execution and yielding is disabled. :: Please retry your operation or multi-document transaction.
[07:56:15.856] [ERROR] [ERROR] MongoDB query failed | Collection: 1 | Operation: abortTransaction | Transaction with { txnNumber: 24 } has been aborted.
[07:56:21.825] [ERROR] [ACCOUNTS-API] search failed: Accounts API login failed (200): Invalid Employee ID or password
[07:56:23.902] [ERROR] [ACCOUNTS-API] tally failed: Accounts API login failed (200): Invalid Employee ID or password
[07:56:58.996] [ERROR] [ACCOUNTS-API] search failed: Accounts API login failed (200): Invalid Employee ID or password
[07:56:59.524] [ERROR] [ACCOUNTS-API] tally failed: Accounts API login failed (200): Invalid Employee ID or password
[08:01:10.745] [ERROR] [ERROR] MongoDB query failed | Collection: Operation sheet | Operation: delete | Caused by :: Write conflict during plan execution and yielding is disabled. :: Please retry your operation or multi-document transaction.
[08:01:11.150] [ERROR] [ERROR] MongoDB query failed | Collection: 1 | Operation: abortTransaction | Transaction with { txnNumber: 81 } has been aborted.
[08:01:11.462] [ERROR] [ERROR] MongoDB query failed | Collection: Operation sheet | Operation: delete | Caused by :: Write conflict during plan execution and yielding is disabled. :: Please retry your operation or multi-document transaction.
[08:01:11.742] [ERROR] [ERROR] MongoDB query failed | Collection: 1 | Operation: abortTransaction | Transaction with { txnNumber: 82 } has been aborted.
[08:01:12.163] [ERROR] [ERROR] MongoDB query failed | Collection: Operation sheet | Operation: delete | Caused by :: Write conflict during plan execution and yielding is disabled. :: Please retry your operation or multi-document transaction.
[08:01:12.531] [ERROR] [ERROR] MongoDB query failed | Collection: 1 | Operation: abortTransaction | Transaction with { txnNumber: 83 } has been aborted.
[08:01:12.930] [ERROR] [ERROR] MongoDB query failed | Collection: Operation sheet | Operation: delete | Caused by :: Write conflict during plan execution and yielding is disabled. :: Please retry your operation or multi-document transaction.
[08:01:13.791] [ERROR] [ERROR] MongoDB query failed | Collection: 1 | Operation: abortTransaction | Transaction with { txnNumber: 84 } has been aborted.
[08:06:09.418] [ERROR] [ERROR] MongoDB query failed | Collection: Operation sheet | Operation: delete | Caused by :: Write conflict during plan execution and yielding is disabled. :: Please retry your operation or multi-document transaction.
[08:06:09.695] [ERROR] [ERROR] MongoDB query failed | Collection: 1 | Operation: abortTransaction | Transaction with { txnNumber: 93 } has been aborted.
[08:06:10.025] [ERROR] [ERROR] MongoDB query failed | Collection: Operation sheet | Operation: delete | Caused by :: Write conflict during plan execution and yielding is disabled. :: Please retry your operation or multi-document transaction.
[08:06:10.348] [ERROR] [ERROR] MongoDB query failed | Collection: 1 | Operation: abortTransaction | Transaction with { txnNumber: 94 } has been aborted.
[08:06:10.640] [ERROR] [ERROR] MongoDB query failed | Collection: Operation sheet | Operation: delete | Caused by :: Write conflict during plan execution and yielding is disabled. :: Please retry your operation or multi-document transaction.
[08:06:10.945] [ERROR] [ERROR] MongoDB query failed | Collection: 1 | Operation: abortTransaction | Transaction with { txnNumber: 95 } has been aborted.
[08:06:11.266] [ERROR] [ERROR] MongoDB query failed | Collection: Operation sheet | Operation: delete | Caused by :: Write conflict during plan execution and yielding is disabled. :: Please retry your operation or multi-document transaction.
[08:06:11.582] [ERROR] [ERROR] MongoDB query failed | Collection: 1 | Operation: abortTransaction | Transaction with { txnNumber: 96 } has been aborted.
[08:06:11.881] [ERROR] [ERROR] MongoDB query failed | Collection: Operation sheet | Operation: delete | Caused by :: Write conflict during plan execution and yielding is disabled. :: Please retry your operation or multi-document transaction.
[08:06:12.177] [ERROR] [ERROR] MongoDB query failed | Collection: 1 | Operation: abortTransaction | Transaction with { txnNumber: 97 } has been aborted.
[08:06:12.458] [ERROR] [ERROR] MongoDB query failed | Collection: Operation sheet | Operation: delete | Caused by :: Write conflict during plan execution and yielding is disabled. :: Please retry your operation or multi-document transaction.
[08:06:12.783] [ERROR] [ERROR] MongoDB query failed | Collection: 1 | Operation: abortTransaction | Transaction with { txnNumber: 98 } has been aborted.
[08:06:13.113] [ERROR] [ERROR] MongoDB query failed | Collection: Operation sheet | Operation: delete | Caused by :: Write conflict during plan execution and yielding is disabled. :: Please retry your operation or multi-document transaction.
[08:06:13.390] [ERROR] [ERROR] MongoDB query failed | Collection: 1 | Operation: abortTransaction | Transaction with { txnNumber: 99 } has been aborted.
[08:16:01.239] [ERROR] [ERROR] MongoDB query failed | Collection: New Lease | Operation: delete | Caused by :: Write conflict during plan execution and yielding is disabled. :: Please retry your operation or multi-document transaction.
[08:16:01.566] [ERROR] [ERROR] MongoDB query failed | Collection: 1 | Operation: abortTransaction | Transaction with { txnNumber: 6 } has been aborted.
[08:16:11.170] [ERROR] [ERROR] MongoDB query failed | Collection: Operation sheet | Operation: delete | Caused by :: Write conflict during plan execution and yielding is disabled. :: Please retry your operation or multi-document transaction.
[08:16:11.457] [ERROR] [ERROR] MongoDB query failed | Collection: 1 | Operation: abortTransaction | Transaction with { txnNumber: 9 } has been aborted.
[08:16:11.774] [ERROR] [ERROR] MongoDB query failed | Collection: Operation sheet | Operation: delete | Caused by :: Write conflict during plan execution and yielding is disabled. :: Please retry your operation or multi-document transaction.
[08:16:12.123] [ERROR] [ERROR] MongoDB query failed | Collection: 1 | Operation: abortTransaction | Transaction with { txnNumber: 10 } has been aborted.
[08:16:12.444] [ERROR] [ERROR] MongoDB query failed | Collection: Operation sheet | Operation: delete | Caused by :: Write conflict during plan execution and yielding is disabled. :: Please retry your operation or multi-document transaction.
[08:16:12.784] [ERROR] [ERROR] MongoDB query failed | Collection: 1 | Operation: abortTransaction | Transaction with { txnNumber: 11 } has been aborted.
[08:16:13.116] [ERROR] [ERROR] MongoDB query failed | Collection: Operation sheet | Operation: delete | Caused by :: Write conflict during plan execution and yielding is disabled. :: Please retry your operation or multi-document transaction.
[08:16:13.437] [ERROR] [ERROR] MongoDB query failed | Collection: 1 | Operation: abortTransaction | Transaction with { txnNumber: 12 } has been aborted.
[08:20:52.985] [ERROR] [ACCOUNTS-API] search failed: Accounts API login failed (200): Invalid Employee ID or password
[08:20:53.288] [ERROR] [ACCOUNTS-API] tally failed: Accounts API login failed (200): Invalid Employee ID or password
[08:20:56.558] [ERROR] [ACCOUNTS-API] search failed: Accounts API login failed (200): Invalid Employee ID or password
[08:20:56.892] [ERROR] [ACCOUNTS-API] tally failed: Accounts API login failed (200): Invalid Employee ID or password
[08:21:09.403] [ERROR] [ERROR] MongoDB query failed | Collection: Operation sheet | Operation: delete | Caused by :: Write conflict during plan execution and yielding is disabled. :: Please retry your operation or multi-document transaction.
[08:21:09.725] [ERROR] [ERROR] MongoDB query failed | Collection: 1 | Operation: abortTransaction | Transaction with { txnNumber: 113 } has been aborted.
[08:21:10.065] [ERROR] [ERROR] MongoDB query failed | Collection: Operation sheet | Operation: delete | Caused by :: Write conflict during plan execution and yielding is disabled. :: Please retry your operation or multi-document transaction.
[08:21:10.393] [ERROR] [ERROR] MongoDB query failed | Collection: 1 | Operation: abortTransaction | Transaction with { txnNumber: 114 } has been aborted.
[08:21:10.717] [ERROR] [ERROR] MongoDB query failed | Collection: Operation sheet | Operation: delete | Caused by :: Write conflict during plan execution and yielding is disabled. :: Please retry your operation or multi-document transaction.
[08:21:11.024] [ERROR] [ERROR] MongoDB query failed | Collection: 1 | Operation: abortTransaction | Transaction with { txnNumber: 115 } has been aborted.
[08:21:11.349] [ERROR] [ERROR] MongoDB query failed | Collection: Operation sheet | Operation: delete | Caused by :: Write conflict during plan execution and yielding is disabled. :: Please retry your operation or multi-document transaction.
[08:21:11.661] [ERROR] [ERROR] MongoDB query failed | Collection: 1 | Operation: abortTransaction | Transaction with { txnNumber: 116 } has been aborted.
[08:21:11.942] [ERROR] [ERROR] MongoDB query failed | Collection: Operation sheet | Operation: delete | Caused by :: Write conflict during plan execution and yielding is disabled. :: Please retry your operation or multi-document transaction.
[08:21:12.264] [ERROR] [ERROR] MongoDB query failed | Collection: 1 | Operation: abortTransaction | Transaction with { txnNumber: 117 } has been aborted.
[08:21:12.590] [ERROR] [ERROR] MongoDB query failed | Collection: Operation sheet | Operation: delete | Caused by :: Write conflict during plan execution and yielding is disabled. :: Please retry your operation or multi-document transaction.
[08:21:12.904] [ERROR] [ERROR] MongoDB query failed | Collection: 1 | Operation: abortTransaction | Transaction with { txnNumber: 118 } has been aborted.
[08:21:13.232] [ERROR] [ERROR] MongoDB query failed | Collection: Operation sheet | Operation: delete | Caused by :: Write conflict during plan execution and yielding is disabled. :: Please retry your operation or multi-document transaction.
[08:21:13.544] [ERROR] [ERROR] MongoDB query failed | Collection: 1 | Operation: abortTransaction | Transaction with { txnNumber: 119 } has been aborted.
[08:26:09.760] [ERROR] [ERROR] MongoDB query failed | Collection: Operation sheet | Operation: delete | Caused by :: Write conflict during plan execution and yielding is disabled. :: Please retry your operation or multi-document transaction.
[08:26:10.065] [ERROR] [ERROR] MongoDB query failed | Collection: 1 | Operation: abortTransaction | Transaction with { txnNumber: 151 } has been aborted.
[08:26:10.386] [ERROR] [ERROR] MongoDB query failed | Collection: Operation sheet | Operation: delete | Caused by :: Write conflict during plan execution and yielding is disabled. :: Please retry your operation or multi-document transaction.
[08:26:10.711] [ERROR] [ERROR] MongoDB query failed | Collection: 1 | Operation: abortTransaction | Transaction with { txnNumber: 152 } has been aborted.
[08:26:11.063] [ERROR] [ERROR] MongoDB query failed | Collection: Operation sheet | Operation: delete | Caused by :: Write conflict during plan execution and yielding is disabled. :: Please retry your operation or multi-document transaction.
[08:26:11.429] [ERROR] [ERROR] MongoDB query failed | Collection: 1 | Operation: abortTransaction | Transaction with { txnNumber: 153 } has been aborted.
[08:26:11.882] [ERROR] [ERROR] MongoDB query failed | Collection: Operation sheet | Operation: delete | Caused by :: Write conflict during plan execution and yielding is disabled. :: Please retry your operation or multi-document transaction.
[08:26:12.209] [ERROR] [ERROR] MongoDB query failed | Collection: 1 | Operation: abortTransaction | Transaction with { txnNumber: 154 } has been aborted.
[08:26:12.561] [ERROR] [ERROR] MongoDB query failed | Collection: Operation sheet | Operation: delete | Caused by :: Write conflict during plan execution and yielding is disabled. :: Please retry your operation or multi-document transaction.
[08:26:12.910] [ERROR] [ERROR] MongoDB query failed | Collection: 1 | Operation: abortTransaction | Transaction with { txnNumber: 155 } has been aborted.
[08:26:13.248] [ERROR] [ERROR] MongoDB query failed | Collection: Operation sheet | Operation: delete | Caused by :: Write conflict during plan execution and yielding is disabled. :: Please retry your operation or multi-document transaction.
[08:26:14.397] [ERROR] [ERROR] MongoDB query failed | Collection: 1 | Operation: abortTransaction | Transaction with { txnNumber: 156 } has been aborted.
[08:26:54.480] [ERROR] [ACCOUNTS-API] search failed: Accounts API login failed (200): Invalid Employee ID or password
[08:26:54.844] [ERROR] [ACCOUNTS-API] tally failed: Accounts API login failed (200): Invalid Employee ID or password
[08:26:58.223] [ERROR] [ACCOUNTS-API] search failed: Accounts API login failed (200): Invalid Employee ID or password
[08:26:58.572] [ERROR] [ACCOUNTS-API] tally failed: Accounts API login failed (200): Invalid Employee ID or password
[08:31:01.560] [ERROR] [ERROR] MongoDB query failed | Collection: New Lease | Operation: delete | Caused by :: Write conflict during plan execution and yielding is disabled. :: Please retry your operation or multi-document transaction.
[08:31:01.878] [ERROR] [ERROR] MongoDB query failed | Collection: 1 | Operation: abortTransaction | Transaction with { txnNumber: 114 } has been aborted.
[08:31:09.317] [ERROR] [ERROR] MongoDB query failed | Collection: Operation sheet | Operation: delete | Caused by :: Write conflict during plan execution and yielding is disabled. :: Please retry your operation or multi-document transaction.
[08:31:09.840] [ERROR] [ERROR] MongoDB query failed | Collection: 1 | Operation: abortTransaction | Transaction with { txnNumber: 117 } has been aborted.
[08:31:10.513] [ERROR] [ERROR] MongoDB query failed | Collection: Operation sheet | Operation: delete | Caused by :: Write conflict during plan execution and yielding is disabled. :: Please retry your operation or multi-document transaction.
[08:31:10.880] [ERROR] [ERROR] MongoDB query failed | Collection: 1 | Operation: abortTransaction | Transaction with { txnNumber: 118 } has been aborted.
[08:31:11.189] [ERROR] [ERROR] MongoDB query failed | Collection: Operation sheet | Operation: delete | Caused by :: Write conflict during plan execution and yielding is disabled. :: Please retry your operation or multi-document transaction.
[08:31:11.506] [ERROR] [ERROR] MongoDB query failed | Collection: 1 | Operation: abortTransaction | Transaction with { txnNumber: 119 } has been aborted.
[08:31:11.828] [ERROR] [ERROR] MongoDB query failed | Collection: Operation sheet | Operation: delete | Caused by :: Write conflict during plan execution and yielding is disabled. :: Please retry your operation or multi-document transaction.
[08:31:12.099] [ERROR] [ERROR] MongoDB query failed | Collection: 1 | Operation: abortTransaction | Transaction with { txnNumber: 120 } has been aborted.
[08:31:12.426] [ERROR] [ERROR] MongoDB query failed | Collection: Operation sheet | Operation: delete | Caused by :: Write conflict during plan execution and yielding is disabled. :: Please retry your operation or multi-document transaction.
[08:31:12.733] [ERROR] [ERROR] MongoDB query failed | Collection: 1 | Operation: abortTransaction | Transaction with { txnNumber: 121 } has been aborted.
[08:31:13.025] [ERROR] [ERROR] MongoDB query failed | Collection: Operation sheet | Operation: delete | Caused by :: Write conflict during plan execution and yielding is disabled. :: Please retry your operation or multi-document transaction.
[08:31:13.287] [ERROR] [ERROR] MongoDB query failed | Collection: 1 | Operation: abortTransaction | Transaction with { txnNumber: 122 } has been aborted.
[08:35:30.325] [ERROR] [ACCOUNTS-API] search failed: Accounts API login failed (200): Invalid Employee ID or password
[08:35:30.961] [ERROR] [ACCOUNTS-API] tally failed: Accounts API login failed (200): Too many attempts. Try again in a few minutes.
[08:36:08.659] [ERROR] [ERROR] MongoDB query failed | Collection: Operation sheet | Operation: delete | Caused by :: Write conflict during plan execution and yielding is disabled. :: Please retry your operation or multi-document transaction.
[08:36:08.934] [ERROR] [ERROR] MongoDB query failed | Collection: 1 | Operation: abortTransaction | Transaction with { txnNumber: 54 } has been aborted.
[08:36:09.260] [ERROR] [ERROR] MongoDB query failed | Collection: Operation sheet | Operation: delete | Caused by :: Write conflict during plan execution and yielding is disabled. :: Please retry your operation or multi-document transaction.
[08:36:09.574] [ERROR] [ERROR] MongoDB query failed | Collection: 1 | Operation: abortTransaction | Transaction with { txnNumber: 55 } has been aborted.
[08:36:09.884] [ERROR] [ERROR] MongoDB query failed | Collection: Operation sheet | Operation: delete | Caused by :: Write conflict during plan execution and yielding is disabled. :: Please retry your operation or multi-document transaction.
[08:36:10.222] [ERROR] [ERROR] MongoDB query failed | Collection: 1 | Operation: abortTransaction | Transaction with { txnNumber: 56 } has been aborted.
[08:36:10.496] [ERROR] [ERROR] MongoDB query failed | Collection: Operation sheet | Operation: delete | Caused by :: Write conflict during plan execution and yielding is disabled. :: Please retry your operation or multi-document transaction.
[08:36:10.781] [ERROR] [ERROR] MongoDB query failed | Collection: 1 | Operation: abortTransaction | Transaction with { txnNumber: 57 } has been aborted.
[08:36:11.066] [ERROR] [ERROR] MongoDB query failed | Collection: Operation sheet | Operation: delete | Caused by :: Write conflict during plan execution and yielding is disabled. :: Please retry your operation or multi-document transaction.
[08:36:11.500] [ERROR] [ERROR] MongoDB query failed | Collection: 1 | Operation: abortTransaction | Transaction with { txnNumber: 58 } has been aborted.
[08:36:11.876] [ERROR] [ERROR] MongoDB query failed | Collection: Operation sheet | Operation: delete | Caused by :: Write conflict during plan execution and yielding is disabled. :: Please retry your operation or multi-document transaction.
[08:36:12.332] [ERROR] [ERROR] MongoDB query failed | Collection: 1 | Operation: abortTransaction | Transaction with { txnNumber: 59 } has been aborted.
[08:36:12.622] [ERROR] [ERROR] MongoDB query failed | Collection: Operation sheet | Operation: delete | Caused by :: Write conflict during plan execution and yielding is disabled. :: Please retry your operation or multi-document transaction.
[08:36:12.900] [ERROR] [ERROR] MongoDB query failed | Collection: 1 | Operation: abortTransaction | Transaction with { txnNumber: 60 } has been aborted.
[08:36:13.169] [ERROR] [ERROR] MongoDB query failed | Collection: Operation sheet | Operation: delete | Caused by :: Write conflict during plan execution and yielding is disabled. :: Please retry your operation or multi-document transaction.
[08:36:13.446] [ERROR] [ERROR] MongoDB query failed | Collection: 1 | Operation: abortTransaction | Transaction with { txnNumber: 61 } has been aborted.
