[05:16:09.957] [ERROR] [ERROR] MongoDB query failed | Collection: Operation sheet | Operation: delete | Caused by :: Write conflict during plan execution and yielding is disabled. :: Please retry your operation or multi-document transaction.
[05:16:10.214] [ERROR] [ERROR] MongoDB query failed | Collection: 1 | Operation: abortTransaction | Transaction with { txnNumber: 12 } has been aborted.
[05:16:10.436] [ERROR] [ERROR] MongoDB query failed | Collection: Operation sheet | Operation: delete | Caused by :: Write conflict during plan execution and yielding is disabled. :: Please retry your operation or multi-document transaction.
[05:16:10.660] [ERROR] [ERROR] MongoDB query failed | Collection: 1 | Operation: abortTransaction | Transaction with { txnNumber: 13 } has been aborted.
[05:16:10.911] [ERROR] [ERROR] MongoDB query failed | Collection: Operation sheet | Operation: delete | Caused by :: Write conflict during plan execution and yielding is disabled. :: Please retry your operation or multi-document transaction.
[05:16:11.178] [ERROR] [ERROR] MongoDB query failed | Collection: 1 | Operation: abortTransaction | Transaction with { txnNumber: 14 } has been aborted.
[05:16:11.412] [ERROR] [ERROR] MongoDB query failed | Collection: Operation sheet | Operation: delete | Caused by :: Write conflict during plan execution and yielding is disabled. :: Please retry your operation or multi-document transaction.
[05:16:12.009] [ERROR] [ERROR] MongoDB query failed | Collection: 1 | Operation: abortTransaction | Transaction with { txnNumber: 15 } has been aborted.
[05:16:12.239] [ERROR] [ERROR] MongoDB query failed | Collection: Operation sheet | Operation: delete | Caused by :: Write conflict during plan execution and yielding is disabled. :: Please retry your operation or multi-document transaction.
[05:16:12.478] [ERROR] [ERROR] MongoDB query failed | Collection: 1 | Operation: abortTransaction | Transaction with { txnNumber: 16 } has been aborted.
[05:16:12.751] [ERROR] [ERROR] MongoDB query failed | Collection: Operation sheet | Operation: delete | Caused by :: Write conflict during plan execution and yielding is disabled. :: Please retry your operation or multi-document transaction.
[05:16:13.018] [ERROR] [ERROR] MongoDB query failed | Collection: 1 | Operation: abortTransaction | Transaction with { txnNumber: 17 } has been aborted.
[05:16:13.275] [ERROR] [ERROR] MongoDB query failed | Collection: Operation sheet | Operation: delete | Caused by :: Write conflict during plan execution and yielding is disabled. :: Please retry your operation or multi-document transaction.
[05:16:13.490] [ERROR] [ERROR] MongoDB query failed | Collection: 1 | Operation: abortTransaction | Transaction with { txnNumber: 18 } has been aborted.
[05:21:08.958] [ERROR] [ERROR] MongoDB query failed | Collection: Operation sheet | Operation: delete | Caused by :: Write conflict during plan execution and yielding is disabled. :: Please retry your operation or multi-document transaction.
[05:21:09.224] [ERROR] [ERROR] MongoDB query failed | Collection: 1 | Operation: abortTransaction | Transaction with { txnNumber: 14 } has been aborted.
[05:21:09.492] [ERROR] [ERROR] MongoDB query failed | Collection: Operation sheet | Operation: delete | Caused by :: Write conflict during plan execution and yielding is disabled. :: Please retry your operation or multi-document transaction.
[05:21:09.758] [ERROR] [ERROR] MongoDB query failed | Collection: 1 | Operation: abortTransaction | Transaction with { txnNumber: 15 } has been aborted.
[05:21:09.994] [ERROR] [ERROR] MongoDB query failed | Collection: Operation sheet | Operation: delete | Caused by :: Write conflict during plan execution and yielding is disabled. :: Please retry your operation or multi-document transaction.
[05:21:10.216] [ERROR] [ERROR] MongoDB query failed | Collection: 1 | Operation: abortTransaction | Transaction with { txnNumber: 16 } has been aborted.
[05:21:10.488] [ERROR] [ERROR] MongoDB query failed | Collection: Operation sheet | Operation: delete | Caused by :: Write conflict during plan execution and yielding is disabled. :: Please retry your operation or multi-document transaction.
[05:21:10.764] [ERROR] [ERROR] MongoDB query failed | Collection: 1 | Operation: abortTransaction | Transaction with { txnNumber: 17 } has been aborted.
[05:21:11.040] [ERROR] [ERROR] MongoDB query failed | Collection: Operation sheet | Operation: delete | Caused by :: Write conflict during plan execution and yielding is disabled. :: Please retry your operation or multi-document transaction.
[05:21:11.270] [ERROR] [ERROR] MongoDB query failed | Collection: 1 | Operation: abortTransaction | Transaction with { txnNumber: 18 } has been aborted.
[05:21:11.497] [ERROR] [ERROR] MongoDB query failed | Collection: Operation sheet | Operation: delete | Caused by :: Write conflict during plan execution and yielding is disabled. :: Please retry your operation or multi-document transaction.
[05:21:11.718] [ERROR] [ERROR] MongoDB query failed | Collection: 1 | Operation: abortTransaction | Transaction with { txnNumber: 19 } has been aborted.
[05:21:11.993] [ERROR] [ERROR] MongoDB query failed | Collection: Operation sheet | Operation: delete | Caused by :: Write conflict during plan execution and yielding is disabled. :: Please retry your operation or multi-document transaction.
[05:21:12.259] [ERROR] [ERROR] MongoDB query failed | Collection: 1 | Operation: abortTransaction | Transaction with { txnNumber: 20 } has been aborted.
[05:21:12.526] [ERROR] [ERROR] MongoDB query failed | Collection: Operation sheet | Operation: delete | Caused by :: Write conflict during plan execution and yielding is disabled. :: Please retry your operation or multi-document transaction.
[05:21:12.797] [ERROR] [ERROR] MongoDB query failed | Collection: 1 | Operation: abortTransaction | Transaction with { txnNumber: 21 } has been aborted.
[05:26:05.682] [ERROR] [ERROR] MongoDB query failed | Collection: New Lease | Operation: delete | Caused by :: Write conflict during plan execution and yielding is disabled. :: Please retry your operation or multi-document transaction.
[05:26:05.909] [ERROR] [ERROR] MongoDB query failed | Collection: 1 | Operation: abortTransaction | Transaction with { txnNumber: 28 } has been aborted.
[05:26:13.350] [ERROR] [ERROR] MongoDB query failed | Collection: Operation sheet | Operation: delete | Caused by :: Write conflict during plan execution and yielding is disabled. :: Please retry your operation or multi-document transaction.
[05:26:13.610] [ERROR] [ERROR] MongoDB query failed | Collection: 1 | Operation: abortTransaction | Transaction with { txnNumber: 17 } has been aborted.
[05:26:13.869] [ERROR] [ERROR] MongoDB query failed | Collection: Operation sheet | Operation: delete | Caused by :: Write conflict during plan execution and yielding is disabled. :: Please retry your operation or multi-document transaction.
[05:26:14.086] [ERROR] [ERROR] MongoDB query failed | Collection: 1 | Operation: abortTransaction | Transaction with { txnNumber: 18 } has been aborted.
[05:26:14.303] [ERROR] [ERROR] MongoDB query failed | Collection: Operation sheet | Operation: delete | Caused by :: Write conflict during plan execution and yielding is disabled. :: Please retry your operation or multi-document transaction.
[05:26:14.565] [ERROR] [ERROR] MongoDB query failed | Collection: 1 | Operation: abortTransaction | Transaction with { txnNumber: 19 } has been aborted.
[05:26:14.824] [ERROR] [ERROR] MongoDB query failed | Collection: Operation sheet | Operation: delete | Caused by :: Write conflict during plan execution and yielding is disabled. :: Please retry your operation or multi-document transaction.
[05:26:15.088] [ERROR] [ERROR] MongoDB query failed | Collection: 1 | Operation: abortTransaction | Transaction with { txnNumber: 20 } has been aborted.
[05:26:15.307] [ERROR] [ERROR] MongoDB query failed | Collection: Operation sheet | Operation: delete | Caused by :: Write conflict during plan execution and yielding is disabled. :: Please retry your operation or multi-document transaction.
[05:26:15.568] [ERROR] [ERROR] MongoDB query failed | Collection: 1 | Operation: abortTransaction | Transaction with { txnNumber: 21 } has been aborted.
[05:26:15.827] [ERROR] [ERROR] MongoDB query failed | Collection: Operation sheet | Operation: delete | Caused by :: Write conflict during plan execution and yielding is disabled. :: Please retry your operation or multi-document transaction.
[05:26:16.087] [ERROR] [ERROR] MongoDB query failed | Collection: 1 | Operation: abortTransaction | Transaction with { txnNumber: 22 } has been aborted.
[05:26:16.302] [ERROR] [ERROR] MongoDB query failed | Collection: Operation sheet | Operation: delete | Caused by :: Write conflict during plan execution and yielding is disabled. :: Please retry your operation or multi-document transaction.
[05:26:16.520] [ERROR] [ERROR] MongoDB query failed | Collection: 1 | Operation: abortTransaction | Transaction with { txnNumber: 23 } has been aborted.
[05:26:16.781] [ERROR] [ERROR] MongoDB query failed | Collection: Operation sheet | Operation: delete | Caused by :: Write conflict during plan execution and yielding is disabled. :: Please retry your operation or multi-document transaction.
[05:26:17.005] [ERROR] [ERROR] MongoDB query failed | Collection: 1 | Operation: abortTransaction | Transaction with { txnNumber: 24 } has been aborted.
[05:26:17.266] [ERROR] [ERROR] MongoDB query failed | Collection: Operation sheet | Operation: delete | Caused by :: Write conflict during plan execution and yielding is disabled. :: Please retry your operation or multi-document transaction.
[05:26:17.528] [ERROR] [ERROR] MongoDB query failed | Collection: 1 | Operation: abortTransaction | Transaction with { txnNumber: 25 } has been aborted.
[05:26:17.790] [ERROR] [ERROR] MongoDB query failed | Collection: Operation sheet | Operation: delete | Caused by :: Write conflict during plan execution and yielding is disabled. :: Please retry your operation or multi-document transaction.
[05:26:18.049] [ERROR] [ERROR] MongoDB query failed | Collection: 1 | Operation: abortTransaction | Transaction with { txnNumber: 26 } has been aborted.
[05:31:10.295] [ERROR] [ERROR] MongoDB query failed | Collection: Operation sheet | Operation: delete | Caused by :: Write conflict during plan execution and yielding is disabled. :: Please retry your operation or multi-document transaction.
[05:31:10.566] [ERROR] [ERROR] MongoDB query failed | Collection: 1 | Operation: abortTransaction | Transaction with { txnNumber: 10 } has been aborted.
[05:31:10.832] [ERROR] [ERROR] MongoDB query failed | Collection: Operation sheet | Operation: delete | Caused by :: Write conflict during plan execution and yielding is disabled. :: Please retry your operation or multi-document transaction.
[05:31:11.103] [ERROR] [ERROR] MongoDB query failed | Collection: 1 | Operation: abortTransaction | Transaction with { txnNumber: 11 } has been aborted.
[05:31:11.329] [ERROR] [ERROR] MongoDB query failed | Collection: Operation sheet | Operation: delete | Caused by :: Write conflict during plan execution and yielding is disabled. :: Please retry your operation or multi-document transaction.
[05:31:11.597] [ERROR] [ERROR] MongoDB query failed | Collection: 1 | Operation: abortTransaction | Transaction with { txnNumber: 12 } has been aborted.
[05:31:11.819] [ERROR] [ERROR] MongoDB query failed | Collection: Operation sheet | Operation: delete | Caused by :: Write conflict during plan execution and yielding is disabled. :: Please retry your operation or multi-document transaction.
[05:31:12.086] [ERROR] [ERROR] MongoDB query failed | Collection: 1 | Operation: abortTransaction | Transaction with { txnNumber: 13 } has been aborted.
[05:31:12.350] [ERROR] [ERROR] MongoDB query failed | Collection: Operation sheet | Operation: delete | Caused by :: Write conflict during plan execution and yielding is disabled. :: Please retry your operation or multi-document transaction.
[05:31:12.574] [ERROR] [ERROR] MongoDB query failed | Collection: 1 | Operation: abortTransaction | Transaction with { txnNumber: 14 } has been aborted.
[05:31:12.843] [ERROR] [ERROR] MongoDB query failed | Collection: Operation sheet | Operation: delete | Caused by :: Write conflict during plan execution and yielding is disabled. :: Please retry your operation or multi-document transaction.
[05:31:13.071] [ERROR] [ERROR] MongoDB query failed | Collection: 1 | Operation: abortTransaction | Transaction with { txnNumber: 15 } has been aborted.
[05:31:13.342] [ERROR] [ERROR] MongoDB query failed | Collection: Operation sheet | Operation: delete | Caused by :: Write conflict during plan execution and yielding is disabled. :: Please retry your operation or multi-document transaction.
[05:31:13.567] [ERROR] [ERROR] MongoDB query failed | Collection: 1 | Operation: abortTransaction | Transaction with { txnNumber: 16 } has been aborted.
[05:36:01.929] [ERROR] [ERROR] MongoDB query failed | Collection: New Lease | Operation: delete | Caused by :: Write conflict during plan execution and yielding is disabled. :: Please retry your operation or multi-document transaction.
[05:36:02.193] [ERROR] [ERROR] MongoDB query failed | Collection: 1 | Operation: abortTransaction | Transaction with { txnNumber: 42 } has been aborted.
[05:36:10.051] [ERROR] [ERROR] MongoDB query failed | Collection: Operation sheet | Operation: delete | Caused by :: Write conflict during plan execution and yielding is disabled. :: Please retry your operation or multi-document transaction.
[05:36:10.306] [ERROR] [ERROR] MongoDB query failed | Collection: 1 | Operation: abortTransaction | Transaction with { txnNumber: 66 } has been aborted.
[05:36:10.573] [ERROR] [ERROR] MongoDB query failed | Collection: Operation sheet | Operation: delete | Caused by :: Write conflict during plan execution and yielding is disabled. :: Please retry your operation or multi-document transaction.
[05:36:10.835] [ERROR] [ERROR] MongoDB query failed | Collection: 1 | Operation: abortTransaction | Transaction with { txnNumber: 67 } has been aborted.
[05:36:11.095] [ERROR] [ERROR] MongoDB query failed | Collection: Operation sheet | Operation: delete | Caused by :: Write conflict during plan execution and yielding is disabled. :: Please retry your operation or multi-document transaction.
[05:36:11.356] [ERROR] [ERROR] MongoDB query failed | Collection: 1 | Operation: abortTransaction | Transaction with { txnNumber: 68 } has been aborted.
[05:36:11.616] [ERROR] [ERROR] MongoDB query failed | Collection: Operation sheet | Operation: delete | Caused by :: Write conflict during plan execution and yielding is disabled. :: Please retry your operation or multi-document transaction.
[05:36:11.893] [ERROR] [ERROR] MongoDB query failed | Collection: 1 | Operation: abortTransaction | Transaction with { txnNumber: 69 } has been aborted.
[05:36:12.152] [ERROR] [ERROR] MongoDB query failed | Collection: Operation sheet | Operation: delete | Caused by :: Write conflict during plan execution and yielding is disabled. :: Please retry your operation or multi-document transaction.
[05:36:12.379] [ERROR] [ERROR] MongoDB query failed | Collection: 1 | Operation: abortTransaction | Transaction with { txnNumber: 70 } has been aborted.
[05:36:12.606] [ERROR] [ERROR] MongoDB query failed | Collection: Operation sheet | Operation: delete | Caused by :: Write conflict during plan execution and yielding is disabled. :: Please retry your operation or multi-document transaction.
[05:36:12.934] [ERROR] [ERROR] MongoDB query failed | Collection: 1 | Operation: abortTransaction | Transaction with { txnNumber: 71 } has been aborted.
[05:36:13.278] [ERROR] [ERROR] MongoDB query failed | Collection: Operation sheet | Operation: delete | Caused by :: Write conflict during plan execution and yielding is disabled. :: Please retry your operation or multi-document transaction.
[05:36:13.498] [ERROR] [ERROR] MongoDB query failed | Collection: 1 | Operation: abortTransaction | Transaction with { txnNumber: 72 } has been aborted.
[05:36:13.757] [ERROR] [ERROR] MongoDB query failed | Collection: Operation sheet | Operation: delete | Caused by :: Write conflict during plan execution and yielding is disabled. :: Please retry your operation or multi-document transaction.
[05:36:13.973] [ERROR] [ERROR] MongoDB query failed | Collection: 1 | Operation: abortTransaction | Transaction with { txnNumber: 73 } has been aborted.
[05:41:08.253] [ERROR] [ERROR] MongoDB query failed | Collection: Operation sheet | Operation: delete | Caused by :: Write conflict during plan execution and yielding is disabled. :: Please retry your operation or multi-document transaction.
[05:41:08.521] [ERROR] [ERROR] MongoDB query failed | Collection: 1 | Operation: abortTransaction | Transaction with { txnNumber: 64 } has been aborted.
[05:41:08.783] [ERROR] [ERROR] MongoDB query failed | Collection: Operation sheet | Operation: delete | Caused by :: Write conflict during plan execution and yielding is disabled. :: Please retry your operation or multi-document transaction.
[05:41:09.044] [ERROR] [ERROR] MongoDB query failed | Collection: 1 | Operation: abortTransaction | Transaction with { txnNumber: 65 } has been aborted.
[05:41:09.277] [ERROR] [ERROR] MongoDB query failed | Collection: Operation sheet | Operation: delete | Caused by :: Write conflict during plan execution and yielding is disabled. :: Please retry your operation or multi-document transaction.
[05:41:09.498] [ERROR] [ERROR] MongoDB query failed | Collection: 1 | Operation: abortTransaction | Transaction with { txnNumber: 66 } has been aborted.
[05:41:09.759] [ERROR] [ERROR] MongoDB query failed | Collection: Operation sheet | Operation: delete | Caused by :: Write conflict during plan execution and yielding is disabled. :: Please retry your operation or multi-document transaction.
[05:41:10.016] [ERROR] [ERROR] MongoDB query failed | Collection: 1 | Operation: abortTransaction | Transaction with { txnNumber: 67 } has been aborted.
[05:41:10.231] [ERROR] [ERROR] MongoDB query failed | Collection: Operation sheet | Operation: delete | Caused by :: Write conflict during plan execution and yielding is disabled. :: Please retry your operation or multi-document transaction.
[05:41:10.449] [ERROR] [ERROR] MongoDB query failed | Collection: 1 | Operation: abortTransaction | Transaction with { txnNumber: 68 } has been aborted.
[05:41:10.666] [ERROR] [ERROR] MongoDB query failed | Collection: Operation sheet | Operation: delete | Caused by :: Write conflict during plan execution and yielding is disabled. :: Please retry your operation or multi-document transaction.
[05:41:10.884] [ERROR] [ERROR] MongoDB query failed | Collection: 1 | Operation: abortTransaction | Transaction with { txnNumber: 69 } has been aborted.
[05:41:11.100] [ERROR] [ERROR] MongoDB query failed | Collection: Operation sheet | Operation: delete | Caused by :: Write conflict during plan execution and yielding is disabled. :: Please retry your operation or multi-document transaction.
[05:41:11.314] [ERROR] [ERROR] MongoDB query failed | Collection: 1 | Operation: abortTransaction | Transaction with { txnNumber: 70 } has been aborted.
[05:41:11.575] [ERROR] [ERROR] MongoDB query failed | Collection: Operation sheet | Operation: delete | Caused by :: Write conflict during plan execution and yielding is disabled. :: Please retry your operation or multi-document transaction.
[05:41:11.789] [ERROR] [ERROR] MongoDB query failed | Collection: 1 | Operation: abortTransaction | Transaction with { txnNumber: 71 } has been aborted.
[05:41:12.004] [ERROR] [ERROR] MongoDB query failed | Collection: Operation sheet | Operation: delete | Caused by :: Write conflict during plan execution and yielding is disabled. :: Please retry your operation or multi-document transaction.
[05:41:12.265] [ERROR] [ERROR] MongoDB query failed | Collection: 1 | Operation: abortTransaction | Transaction with { txnNumber: 72 } has been aborted.
[05:41:12.481] [ERROR] [ERROR] MongoDB query failed | Collection: Operation sheet | Operation: delete | Caused by :: Write conflict during plan execution and yielding is disabled. :: Please retry your operation or multi-document transaction.
[05:41:12.739] [ERROR] [ERROR] MongoDB query failed | Collection: 1 | Operation: abortTransaction | Transaction with { txnNumber: 73 } has been aborted.
[05:41:12.958] [ERROR] [ERROR] MongoDB query failed | Collection: Operation sheet | Operation: delete | Caused by :: Write conflict during plan execution and yielding is disabled. :: Please retry your operation or multi-document transaction.
[05:41:13.221] [ERROR] [ERROR] MongoDB query failed | Collection: 1 | Operation: abortTransaction | Transaction with { txnNumber: 74 } has been aborted.
[06:01:00.732] [WARN] [SYNC] Skipping sync cycle — a previous cycle is still running (likely quota-retry backlog).
[06:06:09.576] [ERROR] [ERROR] MongoDB query failed | Collection: Operation sheet | Operation: delete | Caused by :: Write conflict during plan execution and yielding is disabled. :: Please retry your operation or multi-document transaction.
[06:06:09.802] [ERROR] [ERROR] MongoDB query failed | Collection: 1 | Operation: abortTransaction | Transaction with { txnNumber: 129 } has been aborted.
[06:06:10.066] [ERROR] [ERROR] MongoDB query failed | Collection: Operation sheet | Operation: delete | Caused by :: Write conflict during plan execution and yielding is disabled. :: Please retry your operation or multi-document transaction.
[06:06:10.290] [ERROR] [ERROR] MongoDB query failed | Collection: 1 | Operation: abortTransaction | Transaction with { txnNumber: 130 } has been aborted.
[06:06:10.514] [ERROR] [ERROR] MongoDB query failed | Collection: Operation sheet | Operation: delete | Caused by :: Write conflict during plan execution and yielding is disabled. :: Please retry your operation or multi-document transaction.
[06:06:10.779] [ERROR] [ERROR] MongoDB query failed | Collection: 1 | Operation: abortTransaction | Transaction with { txnNumber: 131 } has been aborted.
[06:06:11.043] [ERROR] [ERROR] MongoDB query failed | Collection: Operation sheet | Operation: delete | Caused by :: Write conflict during plan execution and yielding is disabled. :: Please retry your operation or multi-document transaction.
[06:06:11.268] [ERROR] [ERROR] MongoDB query failed | Collection: 1 | Operation: abortTransaction | Transaction with { txnNumber: 132 } has been aborted.
[06:06:11.536] [ERROR] [ERROR] MongoDB query failed | Collection: Operation sheet | Operation: delete | Caused by :: Write conflict during plan execution and yielding is disabled. :: Please retry your operation or multi-document transaction.
[06:06:11.760] [ERROR] [ERROR] MongoDB query failed | Collection: 1 | Operation: abortTransaction | Transaction with { txnNumber: 133 } has been aborted.
[06:06:12.026] [ERROR] [ERROR] MongoDB query failed | Collection: Operation sheet | Operation: delete | Caused by :: Write conflict during plan execution and yielding is disabled. :: Please retry your operation or multi-document transaction.
[06:06:12.252] [ERROR] [ERROR] MongoDB query failed | Collection: 1 | Operation: abortTransaction | Transaction with { txnNumber: 134 } has been aborted.
[06:06:12.530] [ERROR] [ERROR] MongoDB query failed | Collection: Operation sheet | Operation: delete | Caused by :: Write conflict during plan execution and yielding is disabled. :: Please retry your operation or multi-document transaction.
[06:06:12.754] [ERROR] [ERROR] MongoDB query failed | Collection: 1 | Operation: abortTransaction | Transaction with { txnNumber: 135 } has been aborted.
[06:11:05.992] [ERROR] [ERROR] MongoDB query failed | Collection: New Lease | Operation: delete | Caused by :: Write conflict during plan execution and yielding is disabled. :: Please retry your operation or multi-document transaction.
[06:11:06.256] [ERROR] [ERROR] MongoDB query failed | Collection: 1 | Operation: abortTransaction | Transaction with { txnNumber: 120 } has been aborted.
[06:11:18.011] [ERROR] [ERROR] MongoDB query failed | Collection: Operation sheet | Operation: delete | Caused by :: Write conflict during plan execution and yielding is disabled. :: Please retry your operation or multi-document transaction.
[06:11:19.025] [ERROR] [ERROR] MongoDB query failed | Collection: 1 | Operation: abortTransaction | Transaction with { txnNumber: 123 } has been aborted.
[06:11:19.260] [ERROR] [ERROR] MongoDB query failed | Collection: Operation sheet | Operation: delete | Caused by :: Write conflict during plan execution and yielding is disabled. :: Please retry your operation or multi-document transaction.
[06:11:19.531] [ERROR] [ERROR] MongoDB query failed | Collection: 1 | Operation: abortTransaction | Transaction with { txnNumber: 124 } has been aborted.
[06:11:19.798] [ERROR] [ERROR] MongoDB query failed | Collection: Operation sheet | Operation: delete | Caused by :: Write conflict during plan execution and yielding is disabled. :: Please retry your operation or multi-document transaction.
[06:11:20.078] [ERROR] [ERROR] MongoDB query failed | Collection: 1 | Operation: abortTransaction | Transaction with { txnNumber: 125 } has been aborted.
[06:11:20.349] [ERROR] [ERROR] MongoDB query failed | Collection: Operation sheet | Operation: delete | Caused by :: Write conflict during plan execution and yielding is disabled. :: Please retry your operation or multi-document transaction.
[06:11:20.618] [ERROR] [ERROR] MongoDB query failed | Collection: 1 | Operation: abortTransaction | Transaction with { txnNumber: 126 } has been aborted.
[06:11:20.894] [ERROR] [ERROR] MongoDB query failed | Collection: Operation sheet | Operation: delete | Caused by :: Write conflict during plan execution and yielding is disabled. :: Please retry your operation or multi-document transaction.
[06:11:21.275] [ERROR] [ERROR] MongoDB query failed | Collection: 1 | Operation: abortTransaction | Transaction with { txnNumber: 127 } has been aborted.
[06:11:21.542] [ERROR] [ERROR] MongoDB query failed | Collection: Operation sheet | Operation: delete | Caused by :: Write conflict during plan execution and yielding is disabled. :: Please retry your operation or multi-document transaction.
[06:11:21.806] [ERROR] [ERROR] MongoDB query failed | Collection: 1 | Operation: abortTransaction | Transaction with { txnNumber: 128 } has been aborted.
[06:11:22.062] [ERROR] [ERROR] MongoDB query failed | Collection: Operation sheet | Operation: delete | Caused by :: Write conflict during plan execution and yielding is disabled. :: Please retry your operation or multi-document transaction.
[06:11:22.286] [ERROR] [ERROR] MongoDB query failed | Collection: 1 | Operation: abortTransaction | Transaction with { txnNumber: 129 } has been aborted.
[06:11:22.550] [ERROR] [ERROR] MongoDB query failed | Collection: Operation sheet | Operation: delete | Caused by :: Write conflict during plan execution and yielding is disabled. :: Please retry your operation or multi-document transaction.
[06:11:22.816] [ERROR] [ERROR] MongoDB query failed | Collection: 1 | Operation: abortTransaction | Transaction with { txnNumber: 130 } has been aborted.
[06:11:23.082] [ERROR] [ERROR] MongoDB query failed | Collection: Operation sheet | Operation: delete | Caused by :: Write conflict during plan execution and yielding is disabled. :: Please retry your operation or multi-document transaction.
[06:11:23.347] [ERROR] [ERROR] MongoDB query failed | Collection: 1 | Operation: abortTransaction | Transaction with { txnNumber: 131 } has been aborted.
[06:11:23.617] [ERROR] [ERROR] MongoDB query failed | Collection: Operation sheet | Operation: delete | Caused by :: Write conflict during plan execution and yielding is disabled. :: Please retry your operation or multi-document transaction.
[06:11:23.881] [ERROR] [ERROR] MongoDB query failed | Collection: 1 | Operation: abortTransaction | Transaction with { txnNumber: 132 } has been aborted.
[06:21:02.762] [ERROR] [ERROR] MongoDB query failed | Collection: New Lease | Operation: delete | Caused by :: Write conflict during plan execution and yielding is disabled. :: Please retry your operation or multi-document transaction.
[06:21:02.979] [ERROR] [ERROR] MongoDB query failed | Collection: 1 | Operation: abortTransaction | Transaction with { txnNumber: 116 } has been aborted.
[06:21:13.014] [ERROR] [ERROR] MongoDB query failed | Collection: Operation sheet | Operation: delete | Caused by :: Write conflict during plan execution and yielding is disabled. :: Please retry your operation or multi-document transaction.
[06:21:13.272] [ERROR] [ERROR] MongoDB query failed | Collection: 1 | Operation: abortTransaction | Transaction with { txnNumber: 119 } has been aborted.
[06:21:13.533] [ERROR] [ERROR] MongoDB query failed | Collection: Operation sheet | Operation: delete | Caused by :: Write conflict during plan execution and yielding is disabled. :: Please retry your operation or multi-document transaction.
[06:21:13.751] [ERROR] [ERROR] MongoDB query failed | Collection: 1 | Operation: abortTransaction | Transaction with { txnNumber: 120 } has been aborted.
[06:21:14.009] [ERROR] [ERROR] MongoDB query failed | Collection: Operation sheet | Operation: delete | Caused by :: Write conflict during plan execution and yielding is disabled. :: Please retry your operation or multi-document transaction.
[06:21:14.231] [ERROR] [ERROR] MongoDB query failed | Collection: 1 | Operation: abortTransaction | Transaction with { txnNumber: 121 } has been aborted.
[06:21:14.448] [ERROR] [ERROR] MongoDB query failed | Collection: Operation sheet | Operation: delete | Caused by :: Write conflict during plan execution and yielding is disabled. :: Please retry your operation or multi-document transaction.
[06:21:14.663] [ERROR] [ERROR] MongoDB query failed | Collection: 1 | Operation: abortTransaction | Transaction with { txnNumber: 122 } has been aborted.
[06:21:14.877] [ERROR] [ERROR] MongoDB query failed | Collection: Operation sheet | Operation: delete | Caused by :: Write conflict during plan execution and yielding is disabled. :: Please retry your operation or multi-document transaction.
[06:21:15.094] [ERROR] [ERROR] MongoDB query failed | Collection: 1 | Operation: abortTransaction | Transaction with { txnNumber: 123 } has been aborted.
[06:21:15.353] [ERROR] [ERROR] MongoDB query failed | Collection: Operation sheet | Operation: delete | Caused by :: Write conflict during plan execution and yielding is disabled. :: Please retry your operation or multi-document transaction.
[06:21:15.637] [ERROR] [ERROR] MongoDB query failed | Collection: 1 | Operation: abortTransaction | Transaction with { txnNumber: 124 } has been aborted.
[06:21:15.896] [ERROR] [ERROR] MongoDB query failed | Collection: Operation sheet | Operation: delete | Caused by :: Write conflict during plan execution and yielding is disabled. :: Please retry your operation or multi-document transaction.
[06:21:16.120] [ERROR] [ERROR] MongoDB query failed | Collection: 1 | Operation: abortTransaction | Transaction with { txnNumber: 125 } has been aborted.
[06:21:16.379] [ERROR] [ERROR] MongoDB query failed | Collection: Operation sheet | Operation: delete | Caused by :: Write conflict during plan execution and yielding is disabled. :: Please retry your operation or multi-document transaction.
[06:21:16.594] [ERROR] [ERROR] MongoDB query failed | Collection: 1 | Operation: abortTransaction | Transaction with { txnNumber: 126 } has been aborted.
[06:21:16.855] [ERROR] [ERROR] MongoDB query failed | Collection: Operation sheet | Operation: delete | Caused by :: Write conflict during plan execution and yielding is disabled. :: Please retry your operation or multi-document transaction.
[06:21:17.074] [ERROR] [ERROR] MongoDB query failed | Collection: 1 | Operation: abortTransaction | Transaction with { txnNumber: 127 } has been aborted.
[06:21:17.332] [ERROR] [ERROR] MongoDB query failed | Collection: Operation sheet | Operation: delete | Caused by :: Write conflict during plan execution and yielding is disabled. :: Please retry your operation or multi-document transaction.
[06:21:17.547] [ERROR] [ERROR] MongoDB query failed | Collection: 1 | Operation: abortTransaction | Transaction with { txnNumber: 128 } has been aborted.
[06:26:09.939] [ERROR] [ERROR] MongoDB query failed | Collection: Operation sheet | Operation: delete | Caused by :: Write conflict during plan execution and yielding is disabled. :: Please retry your operation or multi-document transaction.
[06:26:10.201] [ERROR] [ERROR] MongoDB query failed | Collection: 1 | Operation: abortTransaction | Transaction with { txnNumber: 132 } has been aborted.
[06:26:10.432] [ERROR] [ERROR] MongoDB query failed | Collection: Operation sheet | Operation: delete | Caused by :: Write conflict during plan execution and yielding is disabled. :: Please retry your operation or multi-document transaction.
[06:26:10.694] [ERROR] [ERROR] MongoDB query failed | Collection: 1 | Operation: abortTransaction | Transaction with { txnNumber: 133 } has been aborted.
[06:26:10.924] [ERROR] [ERROR] MongoDB query failed | Collection: Operation sheet | Operation: delete | Caused by :: Write conflict during plan execution and yielding is disabled. :: Please retry your operation or multi-document transaction.
[06:26:11.185] [ERROR] [ERROR] MongoDB query failed | Collection: 1 | Operation: abortTransaction | Transaction with { txnNumber: 134 } has been aborted.
[06:26:11.403] [ERROR] [ERROR] MongoDB query failed | Collection: Operation sheet | Operation: delete | Caused by :: Write conflict during plan execution and yielding is disabled. :: Please retry your operation or multi-document transaction.
[06:26:11.663] [ERROR] [ERROR] MongoDB query failed | Collection: 1 | Operation: abortTransaction | Transaction with { txnNumber: 135 } has been aborted.
[06:26:11.924] [ERROR] [ERROR] MongoDB query failed | Collection: Operation sheet | Operation: delete | Caused by :: Write conflict during plan execution and yielding is disabled. :: Please retry your operation or multi-document transaction.
[06:26:12.186] [ERROR] [ERROR] MongoDB query failed | Collection: 1 | Operation: abortTransaction | Transaction with { txnNumber: 136 } has been aborted.
[06:26:12.424] [ERROR] [ERROR] MongoDB query failed | Collection: Operation sheet | Operation: delete | Caused by :: Write conflict during plan execution and yielding is disabled. :: Please retry your operation or multi-document transaction.
[06:26:12.671] [ERROR] [ERROR] MongoDB query failed | Collection: 1 | Operation: abortTransaction | Transaction with { txnNumber: 137 } has been aborted.
[06:26:12.933] [ERROR] [ERROR] MongoDB query failed | Collection: Operation sheet | Operation: delete | Caused by :: Write conflict during plan execution and yielding is disabled. :: Please retry your operation or multi-document transaction.
[06:26:13.194] [ERROR] [ERROR] MongoDB query failed | Collection: 1 | Operation: abortTransaction | Transaction with { txnNumber: 138 } has been aborted.
[06:31:08.605] [ERROR] [ERROR] MongoDB query failed | Collection: Operation sheet | Operation: delete | Caused by :: Write conflict during plan execution and yielding is disabled. :: Please retry your operation or multi-document transaction.
[06:31:08.872] [ERROR] [ERROR] MongoDB query failed | Collection: 1 | Operation: abortTransaction | Transaction with { txnNumber: 176 } has been aborted.
[06:31:09.139] [ERROR] [ERROR] MongoDB query failed | Collection: Operation sheet | Operation: delete | Caused by :: Write conflict during plan execution and yielding is disabled. :: Please retry your operation or multi-document transaction.
[06:31:09.406] [ERROR] [ERROR] MongoDB query failed | Collection: 1 | Operation: abortTransaction | Transaction with { txnNumber: 177 } has been aborted.
[06:31:09.673] [ERROR] [ERROR] MongoDB query failed | Collection: Operation sheet | Operation: delete | Caused by :: Write conflict during plan execution and yielding is disabled. :: Please retry your operation or multi-document transaction.
[06:31:09.898] [ERROR] [ERROR] MongoDB query failed | Collection: 1 | Operation: abortTransaction | Transaction with { txnNumber: 178 } has been aborted.
[06:31:10.163] [ERROR] [ERROR] MongoDB query failed | Collection: Operation sheet | Operation: delete | Caused by :: Write conflict during plan execution and yielding is disabled. :: Please retry your operation or multi-document transaction.
[06:31:10.429] [ERROR] [ERROR] MongoDB query failed | Collection: 1 | Operation: abortTransaction | Transaction with { txnNumber: 179 } has been aborted.
[06:31:10.694] [ERROR] [ERROR] MongoDB query failed | Collection: Operation sheet | Operation: delete | Caused by :: Write conflict during plan execution and yielding is disabled. :: Please retry your operation or multi-document transaction.
[06:31:10.964] [ERROR] [ERROR] MongoDB query failed | Collection: 1 | Operation: abortTransaction | Transaction with { txnNumber: 180 } has been aborted.
[06:31:11.207] [ERROR] [ERROR] MongoDB query failed | Collection: Operation sheet | Operation: delete | Caused by :: Write conflict during plan execution and yielding is disabled. :: Please retry your operation or multi-document transaction.
[06:31:11.477] [ERROR] [ERROR] MongoDB query failed | Collection: 1 | Operation: abortTransaction | Transaction with { txnNumber: 181 } has been aborted.
[06:31:11.743] [ERROR] [ERROR] MongoDB query failed | Collection: Operation sheet | Operation: delete | Caused by :: Write conflict during plan execution and yielding is disabled. :: Please retry your operation or multi-document transaction.
[06:31:12.014] [ERROR] [ERROR] MongoDB query failed | Collection: 1 | Operation: abortTransaction | Transaction with { txnNumber: 182 } has been aborted.
[06:31:12.281] [ERROR] [ERROR] MongoDB query failed | Collection: Operation sheet | Operation: delete | Caused by :: Write conflict during plan execution and yielding is disabled. :: Please retry your operation or multi-document transaction.
[06:31:12.554] [ERROR] [ERROR] MongoDB query failed | Collection: 1 | Operation: abortTransaction | Transaction with { txnNumber: 183 } has been aborted.
[06:36:08.902] [ERROR] [ERROR] MongoDB query failed | Collection: Operation sheet | Operation: delete | Caused by :: Write conflict during plan execution and yielding is disabled. :: Please retry your operation or multi-document transaction.
[06:36:09.165] [ERROR] [ERROR] MongoDB query failed | Collection: 1 | Operation: abortTransaction | Transaction with { txnNumber: 208 } has been aborted.
[06:36:09.430] [ERROR] [ERROR] MongoDB query failed | Collection: Operation sheet | Operation: delete | Caused by :: Write conflict during plan execution and yielding is disabled. :: Please retry your operation or multi-document transaction.
[06:36:09.662] [ERROR] [ERROR] MongoDB query failed | Collection: 1 | Operation: abortTransaction | Transaction with { txnNumber: 209 } has been aborted.
[06:36:09.930] [ERROR] [ERROR] MongoDB query failed | Collection: Operation sheet | Operation: delete | Caused by :: Write conflict during plan execution and yielding is disabled. :: Please retry your operation or multi-document transaction.
[06:36:10.195] [ERROR] [ERROR] MongoDB query failed | Collection: 1 | Operation: abortTransaction | Transaction with { txnNumber: 210 } has been aborted.
[06:36:10.458] [ERROR] [ERROR] MongoDB query failed | Collection: Operation sheet | Operation: delete | Caused by :: Write conflict during plan execution and yielding is disabled. :: Please retry your operation or multi-document transaction.
[06:36:10.679] [ERROR] [ERROR] MongoDB query failed | Collection: 1 | Operation: abortTransaction | Transaction with { txnNumber: 211 } has been aborted.
[06:36:10.902] [ERROR] [ERROR] MongoDB query failed | Collection: Operation sheet | Operation: delete | Caused by :: Write conflict during plan execution and yielding is disabled. :: Please retry your operation or multi-document transaction.
[06:36:11.124] [ERROR] [ERROR] MongoDB query failed | Collection: 1 | Operation: abortTransaction | Transaction with { txnNumber: 212 } has been aborted.
[06:36:11.390] [ERROR] [ERROR] MongoDB query failed | Collection: Operation sheet | Operation: delete | Caused by :: Write conflict during plan execution and yielding is disabled. :: Please retry your operation or multi-document transaction.
[06:36:11.661] [ERROR] [ERROR] MongoDB query failed | Collection: 1 | Operation: abortTransaction | Transaction with { txnNumber: 213 } has been aborted.
[06:36:11.927] [ERROR] [ERROR] MongoDB query failed | Collection: Operation sheet | Operation: delete | Caused by :: Write conflict during plan execution and yielding is disabled. :: Please retry your operation or multi-document transaction.
[06:36:12.194] [ERROR] [ERROR] MongoDB query failed | Collection: 1 | Operation: abortTransaction | Transaction with { txnNumber: 214 } has been aborted.
[06:36:12.417] [ERROR] [ERROR] MongoDB query failed | Collection: Operation sheet | Operation: delete | Caused by :: Write conflict during plan execution and yielding is disabled. :: Please retry your operation or multi-document transaction.
[06:36:12.681] [ERROR] [ERROR] MongoDB query failed | Collection: 1 | Operation: abortTransaction | Transaction with { txnNumber: 215 } has been aborted.
[06:41:08.874] [ERROR] [ERROR] MongoDB query failed | Collection: Operation sheet | Operation: delete | Caused by :: Write conflict during plan execution and yielding is disabled. :: Please retry your operation or multi-document transaction.
[06:41:09.089] [ERROR] [ERROR] MongoDB query failed | Collection: 1 | Operation: abortTransaction | Transaction with { txnNumber: 54 } has been aborted.
[06:41:09.304] [ERROR] [ERROR] MongoDB query failed | Collection: Operation sheet | Operation: delete | Caused by :: Write conflict during plan execution and yielding is disabled. :: Please retry your operation or multi-document transaction.
[06:41:09.518] [ERROR] [ERROR] MongoDB query failed | Collection: 1 | Operation: abortTransaction | Transaction with { txnNumber: 55 } has been aborted.
[06:41:09.736] [ERROR] [ERROR] MongoDB query failed | Collection: Operation sheet | Operation: delete | Caused by :: Write conflict during plan execution and yielding is disabled. :: Please retry your operation or multi-document transaction.
[06:41:09.951] [ERROR] [ERROR] MongoDB query failed | Collection: 1 | Operation: abortTransaction | Transaction with { txnNumber: 56 } has been aborted.
[06:41:10.164] [ERROR] [ERROR] MongoDB query failed | Collection: Operation sheet | Operation: delete | Caused by :: Write conflict during plan execution and yielding is disabled. :: Please retry your operation or multi-document transaction.
[06:41:10.377] [ERROR] [ERROR] MongoDB query failed | Collection: 1 | Operation: abortTransaction | Transaction with { txnNumber: 57 } has been aborted.
[06:41:10.592] [ERROR] [ERROR] MongoDB query failed | Collection: Operation sheet | Operation: delete | Caused by :: Write conflict during plan execution and yielding is disabled. :: Please retry your operation or multi-document transaction.
[06:41:10.806] [ERROR] [ERROR] MongoDB query failed | Collection: 1 | Operation: abortTransaction | Transaction with { txnNumber: 58 } has been aborted.
[06:41:11.021] [ERROR] [ERROR] MongoDB query failed | Collection: Operation sheet | Operation: delete | Caused by :: Write conflict during plan execution and yielding is disabled. :: Please retry your operation or multi-document transaction.
[06:41:11.268] [ERROR] [ERROR] MongoDB query failed | Collection: 1 | Operation: abortTransaction | Transaction with { txnNumber: 59 } has been aborted.
[06:41:11.518] [ERROR] [ERROR] MongoDB query failed | Collection: Operation sheet | Operation: delete | Caused by :: Write conflict during plan execution and yielding is disabled. :: Please retry your operation or multi-document transaction.
[06:41:11.776] [ERROR] [ERROR] MongoDB query failed | Collection: 1 | Operation: abortTransaction | Transaction with { txnNumber: 60 } has been aborted.
[06:41:12.293] [ERROR] [ERROR] MongoDB query failed | Collection: Operation sheet | Operation: delete | Caused by :: Write conflict during plan execution and yielding is disabled. :: Please retry your operation or multi-document transaction.
[06:41:12.508] [ERROR] [ERROR] MongoDB query failed | Collection: 1 | Operation: abortTransaction | Transaction with { txnNumber: 61 } has been aborted.
[06:41:12.726] [ERROR] [ERROR] MongoDB query failed | Collection: Operation sheet | Operation: delete | Caused by :: Write conflict during plan execution and yielding is disabled. :: Please retry your operation or multi-document transaction.
[06:41:12.981] [ERROR] [ERROR] MongoDB query failed | Collection: 1 | Operation: abortTransaction | Transaction with { txnNumber: 62 } has been aborted.
