[07:16:11.361] [ERROR] [ERROR] MongoDB query failed | Collection: Operation sheet | Operation: delete | Caused by :: Write conflict during plan execution and yielding is disabled. :: Please retry your operation or multi-document transaction.
[07:16:11.591] [ERROR] [ERROR] MongoDB query failed | Collection: 1 | Operation: abortTransaction | Transaction with { txnNumber: 12 } has been aborted.
[07:16:11.816] [ERROR] [ERROR] MongoDB query failed | Collection: Operation sheet | Operation: delete | Caused by :: Write conflict during plan execution and yielding is disabled. :: Please retry your operation or multi-document transaction.
[07:16:12.042] [ERROR] [ERROR] MongoDB query failed | Collection: 1 | Operation: abortTransaction | Transaction with { txnNumber: 13 } has been aborted.
[07:16:12.268] [ERROR] [ERROR] MongoDB query failed | Collection: Operation sheet | Operation: delete | Caused by :: Write conflict during plan execution and yielding is disabled. :: Please retry your operation or multi-document transaction.
[07:16:12.545] [ERROR] [ERROR] MongoDB query failed | Collection: 1 | Operation: abortTransaction | Transaction with { txnNumber: 14 } has been aborted.
[07:16:12.814] [ERROR] [ERROR] MongoDB query failed | Collection: Operation sheet | Operation: delete | Caused by :: Write conflict during plan execution and yielding is disabled. :: Please retry your operation or multi-document transaction.
[07:16:13.050] [ERROR] [ERROR] MongoDB query failed | Collection: 1 | Operation: abortTransaction | Transaction with { txnNumber: 15 } has been aborted.
[07:21:08.041] [ERROR] [ERROR] MongoDB query failed | Collection: Operation sheet | Operation: delete | Caused by :: Write conflict during plan execution and yielding is disabled. :: Please retry your operation or multi-document transaction.
[07:21:08.273] [ERROR] [ERROR] MongoDB query failed | Collection: 1 | Operation: abortTransaction | Transaction with { txnNumber: 36 } has been aborted.
[07:21:08.507] [ERROR] [ERROR] MongoDB query failed | Collection: Operation sheet | Operation: delete | Caused by :: Write conflict during plan execution and yielding is disabled. :: Please retry your operation or multi-document transaction.
[07:21:08.737] [ERROR] [ERROR] MongoDB query failed | Collection: 1 | Operation: abortTransaction | Transaction with { txnNumber: 37 } has been aborted.
[07:21:09.006] [ERROR] [ERROR] MongoDB query failed | Collection: Operation sheet | Operation: delete | Caused by :: Write conflict during plan execution and yielding is disabled. :: Please retry your operation or multi-document transaction.
[07:21:09.237] [ERROR] [ERROR] MongoDB query failed | Collection: 1 | Operation: abortTransaction | Transaction with { txnNumber: 38 } has been aborted.
[07:21:09.460] [ERROR] [ERROR] MongoDB query failed | Collection: Operation sheet | Operation: delete | Caused by :: Write conflict during plan execution and yielding is disabled. :: Please retry your operation or multi-document transaction.
[07:21:09.686] [ERROR] [ERROR] MongoDB query failed | Collection: 1 | Operation: abortTransaction | Transaction with { txnNumber: 39 } has been aborted.
[07:21:09.911] [ERROR] [ERROR] MongoDB query failed | Collection: Operation sheet | Operation: delete | Caused by :: Write conflict during plan execution and yielding is disabled. :: Please retry your operation or multi-document transaction.
[07:21:11.947] [ERROR] [ERROR] MongoDB query failed | Collection: 1 | Operation: abortTransaction | Transaction with { txnNumber: 40 } has been aborted.
[07:21:12.167] [ERROR] [ERROR] MongoDB query failed | Collection: Operation sheet | Operation: delete | Caused by :: Write conflict during plan execution and yielding is disabled. :: Please retry your operation or multi-document transaction.
[07:21:12.389] [ERROR] [ERROR] MongoDB query failed | Collection: 1 | Operation: abortTransaction | Transaction with { txnNumber: 41 } has been aborted.
[07:31:09.911] [ERROR] [ERROR] MongoDB query failed | Collection: Operation sheet | Operation: delete | Caused by :: Write conflict during plan execution and yielding is disabled. :: Please retry your operation or multi-document transaction.
[07:31:10.131] [ERROR] [ERROR] MongoDB query failed | Collection: 1 | Operation: abortTransaction | Transaction with { txnNumber: 10 } has been aborted.
[07:31:10.350] [ERROR] [ERROR] MongoDB query failed | Collection: Operation sheet | Operation: delete | Caused by :: Write conflict during plan execution and yielding is disabled. :: Please retry your operation or multi-document transaction.
[07:31:10.566] [ERROR] [ERROR] MongoDB query failed | Collection: 1 | Operation: abortTransaction | Transaction with { txnNumber: 11 } has been aborted.
[07:31:10.786] [ERROR] [ERROR] MongoDB query failed | Collection: Operation sheet | Operation: delete | Caused by :: Write conflict during plan execution and yielding is disabled. :: Please retry your operation or multi-document transaction.
[07:31:11.026] [ERROR] [ERROR] MongoDB query failed | Collection: 1 | Operation: abortTransaction | Transaction with { txnNumber: 12 } has been aborted.
[07:31:11.284] [ERROR] [ERROR] MongoDB query failed | Collection: Operation sheet | Operation: delete | Caused by :: Write conflict during plan execution and yielding is disabled. :: Please retry your operation or multi-document transaction.
[07:31:11.537] [ERROR] [ERROR] MongoDB query failed | Collection: 1 | Operation: abortTransaction | Transaction with { txnNumber: 13 } has been aborted.
[07:31:11.798] [ERROR] [ERROR] MongoDB query failed | Collection: Operation sheet | Operation: delete | Caused by :: Write conflict during plan execution and yielding is disabled. :: Please retry your operation or multi-document transaction.
[07:31:12.059] [ERROR] [ERROR] MongoDB query failed | Collection: 1 | Operation: abortTransaction | Transaction with { txnNumber: 14 } has been aborted.
[07:31:12.296] [ERROR] [ERROR] MongoDB query failed | Collection: Operation sheet | Operation: delete | Caused by :: Write conflict during plan execution and yielding is disabled. :: Please retry your operation or multi-document transaction.
[07:31:12.513] [ERROR] [ERROR] MongoDB query failed | Collection: 1 | Operation: abortTransaction | Transaction with { txnNumber: 15 } has been aborted.
[07:36:03.237] [ERROR] [ERROR] MongoDB query failed | Collection: New Lease | Operation: delete | Caused by :: Write conflict during plan execution and yielding is disabled. :: Please retry your operation or multi-document transaction.
[07:36:03.503] [ERROR] [ERROR] MongoDB query failed | Collection: 1 | Operation: abortTransaction | Transaction with { txnNumber: 71 } has been aborted.
[07:41:09.001] [ERROR] [ERROR] MongoDB query failed | Collection: Operation sheet | Operation: delete | Caused by :: Write conflict during plan execution and yielding is disabled. :: Please retry your operation or multi-document transaction.
[07:41:09.224] [ERROR] [ERROR] MongoDB query failed | Collection: 1 | Operation: abortTransaction | Transaction with { txnNumber: 94 } has been aborted.
[07:41:09.466] [ERROR] [ERROR] MongoDB query failed | Collection: Operation sheet | Operation: delete | Caused by :: Write conflict during plan execution and yielding is disabled. :: Please retry your operation or multi-document transaction.
[07:41:09.701] [ERROR] [ERROR] MongoDB query failed | Collection: 1 | Operation: abortTransaction | Transaction with { txnNumber: 95 } has been aborted.
[07:41:09.937] [ERROR] [ERROR] MongoDB query failed | Collection: Operation sheet | Operation: delete | Caused by :: Write conflict during plan execution and yielding is disabled. :: Please retry your operation or multi-document transaction.
[07:41:10.170] [ERROR] [ERROR] MongoDB query failed | Collection: 1 | Operation: abortTransaction | Transaction with { txnNumber: 96 } has been aborted.
[07:41:10.407] [ERROR] [ERROR] MongoDB query failed | Collection: Operation sheet | Operation: delete | Caused by :: Write conflict during plan execution and yielding is disabled. :: Please retry your operation or multi-document transaction.
[07:41:10.629] [ERROR] [ERROR] MongoDB query failed | Collection: 1 | Operation: abortTransaction | Transaction with { txnNumber: 97 } has been aborted.
[07:41:10.853] [ERROR] [ERROR] MongoDB query failed | Collection: Operation sheet | Operation: delete | Caused by :: Write conflict during plan execution and yielding is disabled. :: Please retry your operation or multi-document transaction.
[07:41:11.119] [ERROR] [ERROR] MongoDB query failed | Collection: 1 | Operation: abortTransaction | Transaction with { txnNumber: 98 } has been aborted.
[07:41:11.345] [ERROR] [ERROR] MongoDB query failed | Collection: Operation sheet | Operation: delete | Caused by :: Write conflict during plan execution and yielding is disabled. :: Please retry your operation or multi-document transaction.
[07:41:11.613] [ERROR] [ERROR] MongoDB query failed | Collection: 1 | Operation: abortTransaction | Transaction with { txnNumber: 99 } has been aborted.
[07:41:11.879] [ERROR] [ERROR] MongoDB query failed | Collection: Operation sheet | Operation: delete | Caused by :: Write conflict during plan execution and yielding is disabled. :: Please retry your operation or multi-document transaction.
[07:41:12.151] [ERROR] [ERROR] MongoDB query failed | Collection: 1 | Operation: abortTransaction | Transaction with { txnNumber: 100 } has been aborted.
[07:41:12.375] [ERROR] [ERROR] MongoDB query failed | Collection: Operation sheet | Operation: delete | Caused by :: Write conflict during plan execution and yielding is disabled. :: Please retry your operation or multi-document transaction.
[07:41:12.613] [ERROR] [ERROR] MongoDB query failed | Collection: 1 | Operation: abortTransaction | Transaction with { txnNumber: 101 } has been aborted.
[07:41:26.832] [ERROR] [ERROR] MongoDB query failed | Collection: Deployed sheet | Operation: delete | Caused by :: Write conflict during plan execution and yielding is disabled. :: Please retry your operation or multi-document transaction.
[07:41:27.102] [ERROR] [ERROR] MongoDB query failed | Collection: 1 | Operation: abortTransaction | Transaction with { txnNumber: 82 } has been aborted.
[07:41:27.328] [ERROR] [ERROR] MongoDB query failed | Collection: Deployed sheet | Operation: delete | Caused by :: Write conflict during plan execution and yielding is disabled. :: Please retry your operation or multi-document transaction.
[07:41:27.568] [ERROR] [ERROR] MongoDB query failed | Collection: 1 | Operation: abortTransaction | Transaction with { txnNumber: 83 } has been aborted.
[07:46:08.271] [ERROR] [ERROR] MongoDB query failed | Collection: Operation sheet | Operation: delete | Caused by :: Write conflict during plan execution and yielding is disabled. :: Please retry your operation or multi-document transaction.
[07:46:08.495] [ERROR] [ERROR] MongoDB query failed | Collection: 1 | Operation: abortTransaction | Transaction with { txnNumber: 116 } has been aborted.
[07:46:08.719] [ERROR] [ERROR] MongoDB query failed | Collection: Operation sheet | Operation: delete | Caused by :: Write conflict during plan execution and yielding is disabled. :: Please retry your operation or multi-document transaction.
[07:46:08.947] [ERROR] [ERROR] MongoDB query failed | Collection: 1 | Operation: abortTransaction | Transaction with { txnNumber: 117 } has been aborted.
[07:46:09.170] [ERROR] [ERROR] MongoDB query failed | Collection: Operation sheet | Operation: delete | Caused by :: Write conflict during plan execution and yielding is disabled. :: Please retry your operation or multi-document transaction.
[07:46:09.395] [ERROR] [ERROR] MongoDB query failed | Collection: 1 | Operation: abortTransaction | Transaction with { txnNumber: 118 } has been aborted.
[07:46:09.620] [ERROR] [ERROR] MongoDB query failed | Collection: Operation sheet | Operation: delete | Caused by :: Write conflict during plan execution and yielding is disabled. :: Please retry your operation or multi-document transaction.
[07:46:09.845] [ERROR] [ERROR] MongoDB query failed | Collection: 1 | Operation: abortTransaction | Transaction with { txnNumber: 119 } has been aborted.
[07:46:10.114] [ERROR] [ERROR] MongoDB query failed | Collection: Operation sheet | Operation: delete | Caused by :: Write conflict during plan execution and yielding is disabled. :: Please retry your operation or multi-document transaction.
[07:46:10.338] [ERROR] [ERROR] MongoDB query failed | Collection: 1 | Operation: abortTransaction | Transaction with { txnNumber: 120 } has been aborted.
[07:46:10.565] [ERROR] [ERROR] MongoDB query failed | Collection: Operation sheet | Operation: delete | Caused by :: Write conflict during plan execution and yielding is disabled. :: Please retry your operation or multi-document transaction.
[07:46:10.832] [ERROR] [ERROR] MongoDB query failed | Collection: 1 | Operation: abortTransaction | Transaction with { txnNumber: 121 } has been aborted.
[07:46:11.061] [ERROR] [ERROR] MongoDB query failed | Collection: Operation sheet | Operation: delete | Caused by :: Write conflict during plan execution and yielding is disabled. :: Please retry your operation or multi-document transaction.
[07:46:11.283] [ERROR] [ERROR] MongoDB query failed | Collection: 1 | Operation: abortTransaction | Transaction with { txnNumber: 122 } has been aborted.
[07:46:11.506] [ERROR] [ERROR] MongoDB query failed | Collection: Operation sheet | Operation: delete | Caused by :: Write conflict during plan execution and yielding is disabled. :: Please retry your operation or multi-document transaction.
[07:46:11.730] [ERROR] [ERROR] MongoDB query failed | Collection: 1 | Operation: abortTransaction | Transaction with { txnNumber: 123 } has been aborted.
[07:46:11.954] [ERROR] [ERROR] MongoDB query failed | Collection: Operation sheet | Operation: delete | Caused by :: Write conflict during plan execution and yielding is disabled. :: Please retry your operation or multi-document transaction.
[07:46:12.177] [ERROR] [ERROR] MongoDB query failed | Collection: 1 | Operation: abortTransaction | Transaction with { txnNumber: 124 } has been aborted.
[07:46:12.400] [ERROR] [ERROR] MongoDB query failed | Collection: Operation sheet | Operation: delete | Caused by :: Write conflict during plan execution and yielding is disabled. :: Please retry your operation or multi-document transaction.
[07:46:12.679] [ERROR] [ERROR] MongoDB query failed | Collection: 1 | Operation: abortTransaction | Transaction with { txnNumber: 125 } has been aborted.
[07:56:08.878] [ERROR] [ERROR] MongoDB query failed | Collection: Operation sheet | Operation: delete | Caused by :: Write conflict during plan execution and yielding is disabled. :: Please retry your operation or multi-document transaction.
[07:56:09.139] [ERROR] [ERROR] MongoDB query failed | Collection: 1 | Operation: abortTransaction | Transaction with { txnNumber: 59 } has been aborted.
[07:56:09.357] [ERROR] [ERROR] MongoDB query failed | Collection: Operation sheet | Operation: delete | Caused by :: Write conflict during plan execution and yielding is disabled. :: Please retry your operation or multi-document transaction.
[07:56:09.616] [ERROR] [ERROR] MongoDB query failed | Collection: 1 | Operation: abortTransaction | Transaction with { txnNumber: 60 } has been aborted.
[07:56:09.865] [ERROR] [ERROR] MongoDB query failed | Collection: Operation sheet | Operation: delete | Caused by :: Write conflict during plan execution and yielding is disabled. :: Please retry your operation or multi-document transaction.
[07:56:10.082] [ERROR] [ERROR] MongoDB query failed | Collection: 1 | Operation: abortTransaction | Transaction with { txnNumber: 61 } has been aborted.
[07:56:10.297] [ERROR] [ERROR] MongoDB query failed | Collection: Operation sheet | Operation: delete | Caused by :: Write conflict during plan execution and yielding is disabled. :: Please retry your operation or multi-document transaction.
[07:56:10.516] [ERROR] [ERROR] MongoDB query failed | Collection: 1 | Operation: abortTransaction | Transaction with { txnNumber: 62 } has been aborted.
[07:56:10.783] [ERROR] [ERROR] MongoDB query failed | Collection: Operation sheet | Operation: delete | Caused by :: Write conflict during plan execution and yielding is disabled. :: Please retry your operation or multi-document transaction.
[07:56:11.051] [ERROR] [ERROR] MongoDB query failed | Collection: 1 | Operation: abortTransaction | Transaction with { txnNumber: 63 } has been aborted.
[07:56:11.310] [ERROR] [ERROR] MongoDB query failed | Collection: Operation sheet | Operation: delete | Caused by :: Write conflict during plan execution and yielding is disabled. :: Please retry your operation or multi-document transaction.
[07:56:11.535] [ERROR] [ERROR] MongoDB query failed | Collection: 1 | Operation: abortTransaction | Transaction with { txnNumber: 64 } has been aborted.
[07:56:11.794] [ERROR] [ERROR] MongoDB query failed | Collection: Operation sheet | Operation: delete | Caused by :: Write conflict during plan execution and yielding is disabled. :: Please retry your operation or multi-document transaction.
[07:56:12.012] [ERROR] [ERROR] MongoDB query failed | Collection: 1 | Operation: abortTransaction | Transaction with { txnNumber: 65 } has been aborted.
[07:56:12.229] [ERROR] [ERROR] MongoDB query failed | Collection: Operation sheet | Operation: delete | Caused by :: Write conflict during plan execution and yielding is disabled. :: Please retry your operation or multi-document transaction.
[07:56:12.460] [ERROR] [ERROR] MongoDB query failed | Collection: 1 | Operation: abortTransaction | Transaction with { txnNumber: 66 } has been aborted.
[07:56:12.675] [ERROR] [ERROR] MongoDB query failed | Collection: Operation sheet | Operation: delete | Caused by :: Write conflict during plan execution and yielding is disabled. :: Please retry your operation or multi-document transaction.
[07:56:12.891] [ERROR] [ERROR] MongoDB query failed | Collection: 1 | Operation: abortTransaction | Transaction with { txnNumber: 67 } has been aborted.
[08:01:09.345] [ERROR] [ERROR] MongoDB query failed | Collection: Operation sheet | Operation: delete | Caused by :: Write conflict during plan execution and yielding is disabled. :: Please retry your operation or multi-document transaction.
[08:01:09.569] [ERROR] [ERROR] MongoDB query failed | Collection: 1 | Operation: abortTransaction | Transaction with { txnNumber: 131 } has been aborted.
[08:01:09.786] [ERROR] [ERROR] MongoDB query failed | Collection: Operation sheet | Operation: delete | Caused by :: Write conflict during plan execution and yielding is disabled. :: Please retry your operation or multi-document transaction.
[08:01:10.008] [ERROR] [ERROR] MongoDB query failed | Collection: 1 | Operation: abortTransaction | Transaction with { txnNumber: 132 } has been aborted.
[08:01:10.227] [ERROR] [ERROR] MongoDB query failed | Collection: Operation sheet | Operation: delete | Caused by :: Write conflict during plan execution and yielding is disabled. :: Please retry your operation or multi-document transaction.
[08:01:10.476] [ERROR] [ERROR] MongoDB query failed | Collection: 1 | Operation: abortTransaction | Transaction with { txnNumber: 133 } has been aborted.
[08:01:10.693] [ERROR] [ERROR] MongoDB query failed | Collection: Operation sheet | Operation: delete | Caused by :: Write conflict during plan execution and yielding is disabled. :: Please retry your operation or multi-document transaction.
[08:01:10.912] [ERROR] [ERROR] MongoDB query failed | Collection: 1 | Operation: abortTransaction | Transaction with { txnNumber: 134 } has been aborted.
[08:01:11.130] [ERROR] [ERROR] MongoDB query failed | Collection: Operation sheet | Operation: delete | Caused by :: Write conflict during plan execution and yielding is disabled. :: Please retry your operation or multi-document transaction.
[08:01:11.349] [ERROR] [ERROR] MongoDB query failed | Collection: 1 | Operation: abortTransaction | Transaction with { txnNumber: 135 } has been aborted.
[08:01:11.572] [ERROR] [ERROR] MongoDB query failed | Collection: Operation sheet | Operation: delete | Caused by :: Write conflict during plan execution and yielding is disabled. :: Please retry your operation or multi-document transaction.
[08:01:11.793] [ERROR] [ERROR] MongoDB query failed | Collection: 1 | Operation: abortTransaction | Transaction with { txnNumber: 136 } has been aborted.
[08:01:12.013] [ERROR] [ERROR] MongoDB query failed | Collection: Operation sheet | Operation: delete | Caused by :: Write conflict during plan execution and yielding is disabled. :: Please retry your operation or multi-document transaction.
[08:01:12.240] [ERROR] [ERROR] MongoDB query failed | Collection: 1 | Operation: abortTransaction | Transaction with { txnNumber: 137 } has been aborted.
[08:01:12.460] [ERROR] [ERROR] MongoDB query failed | Collection: Operation sheet | Operation: delete | Caused by :: Write conflict during plan execution and yielding is disabled. :: Please retry your operation or multi-document transaction.
[08:01:12.681] [ERROR] [ERROR] MongoDB query failed | Collection: 1 | Operation: abortTransaction | Transaction with { txnNumber: 138 } has been aborted.
[08:01:12.902] [ERROR] [ERROR] MongoDB query failed | Collection: Operation sheet | Operation: delete | Caused by :: Write conflict during plan execution and yielding is disabled. :: Please retry your operation or multi-document transaction.
[08:01:13.123] [ERROR] [ERROR] MongoDB query failed | Collection: 1 | Operation: abortTransaction | Transaction with { txnNumber: 139 } has been aborted.
[08:06:02.487] [ERROR] [ERROR] MongoDB query failed | Collection: New Lease | Operation: delete | Caused by :: Write conflict during plan execution and yielding is disabled. :: Please retry your operation or multi-document transaction.
[08:06:02.705] [ERROR] [ERROR] MongoDB query failed | Collection: 1 | Operation: abortTransaction | Transaction with { txnNumber: 151 } has been aborted.
[08:06:11.396] [ERROR] [ERROR] MongoDB query failed | Collection: Operation sheet | Operation: delete | Caused by :: Write conflict during plan execution and yielding is disabled. :: Please retry your operation or multi-document transaction.
[08:06:11.690] [ERROR] [ERROR] MongoDB query failed | Collection: 1 | Operation: abortTransaction | Transaction with { txnNumber: 154 } has been aborted.
[08:06:11.930] [ERROR] [ERROR] MongoDB query failed | Collection: Operation sheet | Operation: delete | Caused by :: Write conflict during plan execution and yielding is disabled. :: Please retry your operation or multi-document transaction.
[08:06:12.155] [ERROR] [ERROR] MongoDB query failed | Collection: 1 | Operation: abortTransaction | Transaction with { txnNumber: 155 } has been aborted.
[08:06:12.385] [ERROR] [ERROR] MongoDB query failed | Collection: Operation sheet | Operation: delete | Caused by :: Write conflict during plan execution and yielding is disabled. :: Please retry your operation or multi-document transaction.
[08:06:12.610] [ERROR] [ERROR] MongoDB query failed | Collection: 1 | Operation: abortTransaction | Transaction with { txnNumber: 156 } has been aborted.
[08:06:12.889] [ERROR] [ERROR] MongoDB query failed | Collection: Operation sheet | Operation: delete | Caused by :: Write conflict during plan execution and yielding is disabled. :: Please retry your operation or multi-document transaction.
[08:06:13.119] [ERROR] [ERROR] MongoDB query failed | Collection: 1 | Operation: abortTransaction | Transaction with { txnNumber: 157 } has been aborted.
[08:06:13.393] [ERROR] [ERROR] MongoDB query failed | Collection: Operation sheet | Operation: delete | Caused by :: Write conflict during plan execution and yielding is disabled. :: Please retry your operation or multi-document transaction.
[08:06:13.709] [ERROR] [ERROR] MongoDB query failed | Collection: 1 | Operation: abortTransaction | Transaction with { txnNumber: 158 } has been aborted.
[08:06:13.949] [ERROR] [ERROR] MongoDB query failed | Collection: Operation sheet | Operation: delete | Caused by :: Write conflict during plan execution and yielding is disabled. :: Please retry your operation or multi-document transaction.
[08:06:14.171] [ERROR] [ERROR] MongoDB query failed | Collection: 1 | Operation: abortTransaction | Transaction with { txnNumber: 159 } has been aborted.
[08:06:14.410] [ERROR] [ERROR] MongoDB query failed | Collection: Operation sheet | Operation: delete | Caused by :: Write conflict during plan execution and yielding is disabled. :: Please retry your operation or multi-document transaction.
[08:06:14.629] [ERROR] [ERROR] MongoDB query failed | Collection: 1 | Operation: abortTransaction | Transaction with { txnNumber: 160 } has been aborted.
[08:06:14.877] [ERROR] [ERROR] MongoDB query failed | Collection: Operation sheet | Operation: delete | Caused by :: Write conflict during plan execution and yielding is disabled. :: Please retry your operation or multi-document transaction.
[08:06:15.097] [ERROR] [ERROR] MongoDB query failed | Collection: 1 | Operation: abortTransaction | Transaction with { txnNumber: 161 } has been aborted.
[08:11:49.344] [ERROR] [ERROR] MongoDB query failed | Collection: New Lease | Operation: delete | Caused by :: Write conflict during plan execution and yielding is disabled. :: Please retry your operation or multi-document transaction.
[08:11:49.558] [ERROR] [ERROR] MongoDB query failed | Collection: 1 | Operation: abortTransaction | Transaction with { txnNumber: 96 } has been aborted.
[08:16:00.417] [WARN] [SYNC] Skipping sync cycle — a previous cycle is still running (likely quota-retry backlog).
[08:21:09.225] [ERROR] [ERROR] MongoDB query failed | Collection: Operation sheet | Operation: delete | Caused by :: Write conflict during plan execution and yielding is disabled. :: Please retry your operation or multi-document transaction.
[08:21:09.448] [ERROR] [ERROR] MongoDB query failed | Collection: 1 | Operation: abortTransaction | Transaction with { txnNumber: 102 } has been aborted.
[08:21:09.667] [ERROR] [ERROR] MongoDB query failed | Collection: Operation sheet | Operation: delete | Caused by :: Write conflict during plan execution and yielding is disabled. :: Please retry your operation or multi-document transaction.
[08:21:09.886] [ERROR] [ERROR] MongoDB query failed | Collection: 1 | Operation: abortTransaction | Transaction with { txnNumber: 103 } has been aborted.
[08:21:10.105] [ERROR] [ERROR] MongoDB query failed | Collection: Operation sheet | Operation: delete | Caused by :: Write conflict during plan execution and yielding is disabled. :: Please retry your operation or multi-document transaction.
[08:21:10.323] [ERROR] [ERROR] MongoDB query failed | Collection: 1 | Operation: abortTransaction | Transaction with { txnNumber: 104 } has been aborted.
[08:21:10.542] [ERROR] [ERROR] MongoDB query failed | Collection: Operation sheet | Operation: delete | Caused by :: Write conflict during plan execution and yielding is disabled. :: Please retry your operation or multi-document transaction.
[08:21:10.760] [ERROR] [ERROR] MongoDB query failed | Collection: 1 | Operation: abortTransaction | Transaction with { txnNumber: 105 } has been aborted.
[08:21:10.975] [ERROR] [ERROR] MongoDB query failed | Collection: Operation sheet | Operation: delete | Caused by :: Write conflict during plan execution and yielding is disabled. :: Please retry your operation or multi-document transaction.
[08:21:11.197] [ERROR] [ERROR] MongoDB query failed | Collection: 1 | Operation: abortTransaction | Transaction with { txnNumber: 106 } has been aborted.
[08:21:11.414] [ERROR] [ERROR] MongoDB query failed | Collection: Operation sheet | Operation: delete | Caused by :: Write conflict during plan execution and yielding is disabled. :: Please retry your operation or multi-document transaction.
[08:21:11.631] [ERROR] [ERROR] MongoDB query failed | Collection: 1 | Operation: abortTransaction | Transaction with { txnNumber: 107 } has been aborted.
[08:21:11.848] [ERROR] [ERROR] MongoDB query failed | Collection: Operation sheet | Operation: delete | Caused by :: Write conflict during plan execution and yielding is disabled. :: Please retry your operation or multi-document transaction.
[08:21:12.069] [ERROR] [ERROR] MongoDB query failed | Collection: 1 | Operation: abortTransaction | Transaction with { txnNumber: 108 } has been aborted.
[08:21:12.311] [ERROR] [ERROR] MongoDB query failed | Collection: Operation sheet | Operation: delete | Caused by :: Write conflict during plan execution and yielding is disabled. :: Please retry your operation or multi-document transaction.
[08:21:12.532] [ERROR] [ERROR] MongoDB query failed | Collection: 1 | Operation: abortTransaction | Transaction with { txnNumber: 109 } has been aborted.
[08:21:12.754] [ERROR] [ERROR] MongoDB query failed | Collection: Operation sheet | Operation: delete | Caused by :: Write conflict during plan execution and yielding is disabled. :: Please retry your operation or multi-document transaction.
[08:21:12.971] [ERROR] [ERROR] MongoDB query failed | Collection: 1 | Operation: abortTransaction | Transaction with { txnNumber: 110 } has been aborted.
[08:21:13.186] [ERROR] [ERROR] MongoDB query failed | Collection: Operation sheet | Operation: delete | Caused by :: Write conflict during plan execution and yielding is disabled. :: Please retry your operation or multi-document transaction.
[08:21:13.406] [ERROR] [ERROR] MongoDB query failed | Collection: 1 | Operation: abortTransaction | Transaction with { txnNumber: 111 } has been aborted.
[08:26:09.542] [ERROR] [ERROR] MongoDB query failed | Collection: Operation sheet | Operation: delete | Caused by :: Write conflict during plan execution and yielding is disabled. :: Please retry your operation or multi-document transaction.
[08:26:09.767] [ERROR] [ERROR] MongoDB query failed | Collection: 1 | Operation: abortTransaction | Transaction with { txnNumber: 141 } has been aborted.
[08:26:09.993] [ERROR] [ERROR] MongoDB query failed | Collection: Operation sheet | Operation: delete | Caused by :: Write conflict during plan execution and yielding is disabled. :: Please retry your operation or multi-document transaction.
[08:26:10.216] [ERROR] [ERROR] MongoDB query failed | Collection: 1 | Operation: abortTransaction | Transaction with { txnNumber: 142 } has been aborted.
[08:26:10.441] [ERROR] [ERROR] MongoDB query failed | Collection: Operation sheet | Operation: delete | Caused by :: Write conflict during plan execution and yielding is disabled. :: Please retry your operation or multi-document transaction.
[08:26:10.664] [ERROR] [ERROR] MongoDB query failed | Collection: 1 | Operation: abortTransaction | Transaction with { txnNumber: 143 } has been aborted.
[08:26:10.889] [ERROR] [ERROR] MongoDB query failed | Collection: Operation sheet | Operation: delete | Caused by :: Write conflict during plan execution and yielding is disabled. :: Please retry your operation or multi-document transaction.
[08:26:11.114] [ERROR] [ERROR] MongoDB query failed | Collection: 1 | Operation: abortTransaction | Transaction with { txnNumber: 144 } has been aborted.
[08:26:11.341] [ERROR] [ERROR] MongoDB query failed | Collection: Operation sheet | Operation: delete | Caused by :: Write conflict during plan execution and yielding is disabled. :: Please retry your operation or multi-document transaction.
[08:26:11.565] [ERROR] [ERROR] MongoDB query failed | Collection: 1 | Operation: abortTransaction | Transaction with { txnNumber: 145 } has been aborted.
[08:26:11.793] [ERROR] [ERROR] MongoDB query failed | Collection: Operation sheet | Operation: delete | Caused by :: Write conflict during plan execution and yielding is disabled. :: Please retry your operation or multi-document transaction.
[08:26:12.019] [ERROR] [ERROR] MongoDB query failed | Collection: 1 | Operation: abortTransaction | Transaction with { txnNumber: 146 } has been aborted.
[08:26:12.245] [ERROR] [ERROR] MongoDB query failed | Collection: Operation sheet | Operation: delete | Caused by :: Write conflict during plan execution and yielding is disabled. :: Please retry your operation or multi-document transaction.
[08:26:12.471] [ERROR] [ERROR] MongoDB query failed | Collection: 1 | Operation: abortTransaction | Transaction with { txnNumber: 147 } has been aborted.
[08:26:12.696] [ERROR] [ERROR] MongoDB query failed | Collection: Operation sheet | Operation: delete | Caused by :: Write conflict during plan execution and yielding is disabled. :: Please retry your operation or multi-document transaction.
[08:26:12.920] [ERROR] [ERROR] MongoDB query failed | Collection: 1 | Operation: abortTransaction | Transaction with { txnNumber: 148 } has been aborted.
[08:31:08.939] [ERROR] [ERROR] MongoDB query failed | Collection: Operation sheet | Operation: delete | Caused by :: Write conflict during plan execution and yielding is disabled. :: Please retry your operation or multi-document transaction.
[08:31:09.161] [ERROR] [ERROR] MongoDB query failed | Collection: 1 | Operation: abortTransaction | Transaction with { txnNumber: 242 } has been aborted.
[08:31:09.381] [ERROR] [ERROR] MongoDB query failed | Collection: Operation sheet | Operation: delete | Caused by :: Write conflict during plan execution and yielding is disabled. :: Please retry your operation or multi-document transaction.
[08:31:09.601] [ERROR] [ERROR] MongoDB query failed | Collection: 1 | Operation: abortTransaction | Transaction with { txnNumber: 243 } has been aborted.
[08:31:09.820] [ERROR] [ERROR] MongoDB query failed | Collection: Operation sheet | Operation: delete | Caused by :: Write conflict during plan execution and yielding is disabled. :: Please retry your operation or multi-document transaction.
[08:31:10.039] [ERROR] [ERROR] MongoDB query failed | Collection: 1 | Operation: abortTransaction | Transaction with { txnNumber: 244 } has been aborted.
[08:31:10.261] [ERROR] [ERROR] MongoDB query failed | Collection: Operation sheet | Operation: delete | Caused by :: Write conflict during plan execution and yielding is disabled. :: Please retry your operation or multi-document transaction.
[08:31:10.506] [ERROR] [ERROR] MongoDB query failed | Collection: 1 | Operation: abortTransaction | Transaction with { txnNumber: 245 } has been aborted.
[08:31:10.732] [ERROR] [ERROR] MongoDB query failed | Collection: Operation sheet | Operation: delete | Caused by :: Write conflict during plan execution and yielding is disabled. :: Please retry your operation or multi-document transaction.
[08:31:10.954] [ERROR] [ERROR] MongoDB query failed | Collection: 1 | Operation: abortTransaction | Transaction with { txnNumber: 246 } has been aborted.
[08:31:11.174] [ERROR] [ERROR] MongoDB query failed | Collection: Operation sheet | Operation: delete | Caused by :: Write conflict during plan execution and yielding is disabled. :: Please retry your operation or multi-document transaction.
[08:31:11.392] [ERROR] [ERROR] MongoDB query failed | Collection: 1 | Operation: abortTransaction | Transaction with { txnNumber: 247 } has been aborted.
[08:31:11.617] [ERROR] [ERROR] MongoDB query failed | Collection: Operation sheet | Operation: delete | Caused by :: Write conflict during plan execution and yielding is disabled. :: Please retry your operation or multi-document transaction.
[08:31:11.838] [ERROR] [ERROR] MongoDB query failed | Collection: 1 | Operation: abortTransaction | Transaction with { txnNumber: 248 } has been aborted.
[08:31:12.058] [ERROR] [ERROR] MongoDB query failed | Collection: Operation sheet | Operation: delete | Caused by :: Write conflict during plan execution and yielding is disabled. :: Please retry your operation or multi-document transaction.
[08:31:12.278] [ERROR] [ERROR] MongoDB query failed | Collection: 1 | Operation: abortTransaction | Transaction with { txnNumber: 249 } has been aborted.
[08:31:12.498] [ERROR] [ERROR] MongoDB query failed | Collection: Operation sheet | Operation: delete | Caused by :: Write conflict during plan execution and yielding is disabled. :: Please retry your operation or multi-document transaction.
[08:31:12.718] [ERROR] [ERROR] MongoDB query failed | Collection: 1 | Operation: abortTransaction | Transaction with { txnNumber: 250 } has been aborted.
[08:36:07.378] [ERROR] [ERROR] MongoDB query failed | Collection: Operation sheet | Operation: delete | Caused by :: Write conflict during plan execution and yielding is disabled. :: Please retry your operation or multi-document transaction.
[08:36:08.599] [ERROR] [ERROR] MongoDB query failed | Collection: 1 | Operation: abortTransaction | Transaction with { txnNumber: 8 } has been aborted.
[08:36:09.599] [ERROR] [ERROR] MongoDB query failed | Collection: Operation sheet | Operation: delete | Caused by :: Write conflict during plan execution and yielding is disabled. :: Please retry your operation or multi-document transaction.
[08:36:09.829] [ERROR] [ERROR] MongoDB query failed | Collection: 1 | Operation: abortTransaction | Transaction with { txnNumber: 9 } has been aborted.
[08:36:10.053] [ERROR] [ERROR] MongoDB query failed | Collection: Operation sheet | Operation: delete | Caused by :: Write conflict during plan execution and yielding is disabled. :: Please retry your operation or multi-document transaction.
[08:36:10.314] [ERROR] [ERROR] MongoDB query failed | Collection: 1 | Operation: abortTransaction | Transaction with { txnNumber: 10 } has been aborted.
[08:36:10.537] [ERROR] [ERROR] MongoDB query failed | Collection: Operation sheet | Operation: delete | Caused by :: Write conflict during plan execution and yielding is disabled. :: Please retry your operation or multi-document transaction.
[08:36:10.762] [ERROR] [ERROR] MongoDB query failed | Collection: 1 | Operation: abortTransaction | Transaction with { txnNumber: 11 } has been aborted.
[08:36:10.986] [ERROR] [ERROR] MongoDB query failed | Collection: Operation sheet | Operation: delete | Caused by :: Write conflict during plan execution and yielding is disabled. :: Please retry your operation or multi-document transaction.
[08:36:11.208] [ERROR] [ERROR] MongoDB query failed | Collection: 1 | Operation: abortTransaction | Transaction with { txnNumber: 12 } has been aborted.
[08:36:11.429] [ERROR] [ERROR] MongoDB query failed | Collection: Operation sheet | Operation: delete | Caused by :: Write conflict during plan execution and yielding is disabled. :: Please retry your operation or multi-document transaction.
[08:36:11.652] [ERROR] [ERROR] MongoDB query failed | Collection: 1 | Operation: abortTransaction | Transaction with { txnNumber: 13 } has been aborted.
[08:36:11.880] [ERROR] [ERROR] MongoDB query failed | Collection: Operation sheet | Operation: delete | Caused by :: Write conflict during plan execution and yielding is disabled. :: Please retry your operation or multi-document transaction.
[08:36:12.106] [ERROR] [ERROR] MongoDB query failed | Collection: 1 | Operation: abortTransaction | Transaction with { txnNumber: 14 } has been aborted.
[08:36:12.328] [ERROR] [ERROR] MongoDB query failed | Collection: Operation sheet | Operation: delete | Caused by :: Write conflict during plan execution and yielding is disabled. :: Please retry your operation or multi-document transaction.
[08:36:12.551] [ERROR] [ERROR] MongoDB query failed | Collection: 1 | Operation: abortTransaction | Transaction with { txnNumber: 15 } has been aborted.
[08:36:12.770] [ERROR] [ERROR] MongoDB query failed | Collection: Operation sheet | Operation: delete | Caused by :: Write conflict during plan execution and yielding is disabled. :: Please retry your operation or multi-document transaction.
[08:36:12.992] [ERROR] [ERROR] MongoDB query failed | Collection: 1 | Operation: abortTransaction | Transaction with { txnNumber: 16 } has been aborted.
[08:36:13.217] [ERROR] [ERROR] MongoDB query failed | Collection: Operation sheet | Operation: delete | Caused by :: Write conflict during plan execution and yielding is disabled. :: Please retry your operation or multi-document transaction.
[08:36:13.441] [ERROR] [ERROR] MongoDB query failed | Collection: 1 | Operation: abortTransaction | Transaction with { txnNumber: 17 } has been aborted.
[08:36:13.671] [ERROR] [ERROR] MongoDB query failed | Collection: Operation sheet | Operation: delete | Caused by :: Write conflict during plan execution and yielding is disabled. :: Please retry your operation or multi-document transaction.
[08:36:13.896] [ERROR] [ERROR] MongoDB query failed | Collection: 1 | Operation: abortTransaction | Transaction with { txnNumber: 18 } has been aborted.
[08:36:14.118] [ERROR] [ERROR] MongoDB query failed | Collection: Operation sheet | Operation: delete | Caused by :: Write conflict during plan execution and yielding is disabled. :: Please retry your operation or multi-document transaction.
[08:36:14.338] [ERROR] [ERROR] MongoDB query failed | Collection: 1 | Operation: abortTransaction | Transaction with { txnNumber: 19 } has been aborted.
[08:41:08.043] [ERROR] [ERROR] MongoDB query failed | Collection: Operation sheet | Operation: delete | Caused by :: Write conflict during plan execution and yielding is disabled. :: Please retry your operation or multi-document transaction.
[08:41:08.276] [ERROR] [ERROR] MongoDB query failed | Collection: 1 | Operation: abortTransaction | Transaction with { txnNumber: 321 } has been aborted.
[08:41:08.529] [ERROR] [ERROR] MongoDB query failed | Collection: Operation sheet | Operation: delete | Caused by :: Write conflict during plan execution and yielding is disabled. :: Please retry your operation or multi-document transaction.
[08:41:08.749] [ERROR] [ERROR] MongoDB query failed | Collection: 1 | Operation: abortTransaction | Transaction with { txnNumber: 322 } has been aborted.
[08:41:08.976] [ERROR] [ERROR] MongoDB query failed | Collection: Operation sheet | Operation: delete | Caused by :: Write conflict during plan execution and yielding is disabled. :: Please retry your operation or multi-document transaction.
[08:41:09.221] [ERROR] [ERROR] MongoDB query failed | Collection: 1 | Operation: abortTransaction | Transaction with { txnNumber: 323 } has been aborted.
[08:41:09.471] [ERROR] [ERROR] MongoDB query failed | Collection: Operation sheet | Operation: delete | Caused by :: Write conflict during plan execution and yielding is disabled. :: Please retry your operation or multi-document transaction.
[08:41:09.737] [ERROR] [ERROR] MongoDB query failed | Collection: 1 | Operation: abortTransaction | Transaction with { txnNumber: 324 } has been aborted.
[08:41:09.999] [ERROR] [ERROR] MongoDB query failed | Collection: Operation sheet | Operation: delete | Caused by :: Write conflict during plan execution and yielding is disabled. :: Please retry your operation or multi-document transaction.
[08:41:10.280] [ERROR] [ERROR] MongoDB query failed | Collection: 1 | Operation: abortTransaction | Transaction with { txnNumber: 325 } has been aborted.
[08:41:10.534] [ERROR] [ERROR] MongoDB query failed | Collection: Operation sheet | Operation: delete | Caused by :: Write conflict during plan execution and yielding is disabled. :: Please retry your operation or multi-document transaction.
[08:41:10.820] [ERROR] [ERROR] MongoDB query failed | Collection: 1 | Operation: abortTransaction | Transaction with { txnNumber: 326 } has been aborted.
[08:41:11.085] [ERROR] [ERROR] MongoDB query failed | Collection: Operation sheet | Operation: delete | Caused by :: Write conflict during plan execution and yielding is disabled. :: Please retry your operation or multi-document transaction.
[08:41:11.310] [ERROR] [ERROR] MongoDB query failed | Collection: 1 | Operation: abortTransaction | Transaction with { txnNumber: 327 } has been aborted.
[08:41:11.532] [ERROR] [ERROR] MongoDB query failed | Collection: Operation sheet | Operation: delete | Caused by :: Write conflict during plan execution and yielding is disabled. :: Please retry your operation or multi-document transaction.
[08:41:11.760] [ERROR] [ERROR] MongoDB query failed | Collection: 1 | Operation: abortTransaction | Transaction with { txnNumber: 328 } has been aborted.
[08:41:11.999] [ERROR] [ERROR] MongoDB query failed | Collection: Operation sheet | Operation: delete | Caused by :: Write conflict during plan execution and yielding is disabled. :: Please retry your operation or multi-document transaction.
[08:41:13.534] [ERROR] [ERROR] MongoDB query failed | Collection: 1 | Operation: abortTransaction | Transaction with { txnNumber: 329 } has been aborted.
[08:46:09.297] [ERROR] [ERROR] MongoDB query failed | Collection: Operation sheet | Operation: delete | Caused by :: Write conflict during plan execution and yielding is disabled. :: Please retry your operation or multi-document transaction.
[08:46:09.519] [ERROR] [ERROR] MongoDB query failed | Collection: 1 | Operation: abortTransaction | Transaction with { txnNumber: 227 } has been aborted.
[08:46:09.745] [ERROR] [ERROR] MongoDB query failed | Collection: Operation sheet | Operation: delete | Caused by :: Write conflict during plan execution and yielding is disabled. :: Please retry your operation or multi-document transaction.
[08:46:09.969] [ERROR] [ERROR] MongoDB query failed | Collection: 1 | Operation: abortTransaction | Transaction with { txnNumber: 228 } has been aborted.
[08:46:10.194] [ERROR] [ERROR] MongoDB query failed | Collection: Operation sheet | Operation: delete | Caused by :: Write conflict during plan execution and yielding is disabled. :: Please retry your operation or multi-document transaction.
[08:46:10.418] [ERROR] [ERROR] MongoDB query failed | Collection: 1 | Operation: abortTransaction | Transaction with { txnNumber: 229 } has been aborted.
[08:46:10.645] [ERROR] [ERROR] MongoDB query failed | Collection: Operation sheet | Operation: delete | Caused by :: Write conflict during plan execution and yielding is disabled. :: Please retry your operation or multi-document transaction.
[08:46:10.870] [ERROR] [ERROR] MongoDB query failed | Collection: 1 | Operation: abortTransaction | Transaction with { txnNumber: 230 } has been aborted.
[08:46:11.093] [ERROR] [ERROR] MongoDB query failed | Collection: Operation sheet | Operation: delete | Caused by :: Write conflict during plan execution and yielding is disabled. :: Please retry your operation or multi-document transaction.
[08:46:11.317] [ERROR] [ERROR] MongoDB query failed | Collection: 1 | Operation: abortTransaction | Transaction with { txnNumber: 231 } has been aborted.
[08:46:11.540] [ERROR] [ERROR] MongoDB query failed | Collection: Operation sheet | Operation: delete | Caused by :: Write conflict during plan execution and yielding is disabled. :: Please retry your operation or multi-document transaction.
[08:46:11.765] [ERROR] [ERROR] MongoDB query failed | Collection: 1 | Operation: abortTransaction | Transaction with { txnNumber: 232 } has been aborted.
[08:46:12.007] [ERROR] [ERROR] MongoDB query failed | Collection: Operation sheet | Operation: delete | Caused by :: Write conflict during plan execution and yielding is disabled. :: Please retry your operation or multi-document transaction.
[08:46:12.232] [ERROR] [ERROR] MongoDB query failed | Collection: 1 | Operation: abortTransaction | Transaction with { txnNumber: 233 } has been aborted.
[08:46:12.454] [ERROR] [ERROR] MongoDB query failed | Collection: Operation sheet | Operation: delete | Caused by :: Write conflict during plan execution and yielding is disabled. :: Please retry your operation or multi-document transaction.
[08:46:12.677] [ERROR] [ERROR] MongoDB query failed | Collection: 1 | Operation: abortTransaction | Transaction with { txnNumber: 234 } has been aborted.
[08:51:08.537] [ERROR] [ERROR] MongoDB query failed | Collection: Operation sheet | Operation: delete | Caused by :: Write conflict during plan execution and yielding is disabled. :: Please retry your operation or multi-document transaction.
[08:51:08.760] [ERROR] [ERROR] MongoDB query failed | Collection: 1 | Operation: abortTransaction | Transaction with { txnNumber: 289 } has been aborted.
[08:51:09.053] [ERROR] [ERROR] MongoDB query failed | Collection: Operation sheet | Operation: delete | Caused by :: Write conflict during plan execution and yielding is disabled. :: Please retry your operation or multi-document transaction.
[08:51:09.318] [ERROR] [ERROR] MongoDB query failed | Collection: 1 | Operation: abortTransaction | Transaction with { txnNumber: 290 } has been aborted.
[08:51:09.558] [ERROR] [ERROR] MongoDB query failed | Collection: Operation sheet | Operation: delete | Caused by :: Write conflict during plan execution and yielding is disabled. :: Please retry your operation or multi-document transaction.
[08:51:09.801] [ERROR] [ERROR] MongoDB query failed | Collection: 1 | Operation: abortTransaction | Transaction with { txnNumber: 291 } has been aborted.
[08:51:10.026] [ERROR] [ERROR] MongoDB query failed | Collection: Operation sheet | Operation: delete | Caused by :: Write conflict during plan execution and yielding is disabled. :: Please retry your operation or multi-document transaction.
[08:51:10.252] [ERROR] [ERROR] MongoDB query failed | Collection: 1 | Operation: abortTransaction | Transaction with { txnNumber: 292 } has been aborted.
[08:51:10.477] [ERROR] [ERROR] MongoDB query failed | Collection: Operation sheet | Operation: delete | Caused by :: Write conflict during plan execution and yielding is disabled. :: Please retry your operation or multi-document transaction.
[08:51:10.719] [ERROR] [ERROR] MongoDB query failed | Collection: 1 | Operation: abortTransaction | Transaction with { txnNumber: 293 } has been aborted.
[08:51:10.940] [ERROR] [ERROR] MongoDB query failed | Collection: Operation sheet | Operation: delete | Caused by :: Write conflict during plan execution and yielding is disabled. :: Please retry your operation or multi-document transaction.
[08:51:11.158] [ERROR] [ERROR] MongoDB query failed | Collection: 1 | Operation: abortTransaction | Transaction with { txnNumber: 294 } has been aborted.
[08:51:11.418] [ERROR] [ERROR] MongoDB query failed | Collection: Operation sheet | Operation: delete | Caused by :: Write conflict during plan execution and yielding is disabled. :: Please retry your operation or multi-document transaction.
[08:51:11.669] [ERROR] [ERROR] MongoDB query failed | Collection: 1 | Operation: abortTransaction | Transaction with { txnNumber: 295 } has been aborted.
[08:51:11.900] [ERROR] [ERROR] MongoDB query failed | Collection: Operation sheet | Operation: delete | Caused by :: Write conflict during plan execution and yielding is disabled. :: Please retry your operation or multi-document transaction.
[08:51:12.120] [ERROR] [ERROR] MongoDB query failed | Collection: 1 | Operation: abortTransaction | Transaction with { txnNumber: 296 } has been aborted.
[08:51:12.506] [ERROR] [ERROR] MongoDB query failed | Collection: Operation sheet | Operation: delete | Caused by :: Write conflict during plan execution and yielding is disabled. :: Please retry your operation or multi-document transaction.
[08:51:12.831] [ERROR] [ERROR] MongoDB query failed | Collection: 1 | Operation: abortTransaction | Transaction with { txnNumber: 297 } has been aborted.
[08:56:08.525] [ERROR] [ERROR] MongoDB query failed | Collection: Operation sheet | Operation: delete | Caused by :: Write conflict during plan execution and yielding is disabled. :: Please retry your operation or multi-document transaction.
[08:56:08.744] [ERROR] [ERROR] MongoDB query failed | Collection: 1 | Operation: abortTransaction | Transaction with { txnNumber: 316 } has been aborted.
[08:56:08.963] [ERROR] [ERROR] MongoDB query failed | Collection: Operation sheet | Operation: delete | Caused by :: Write conflict during plan execution and yielding is disabled. :: Please retry your operation or multi-document transaction.
[08:56:09.181] [ERROR] [ERROR] MongoDB query failed | Collection: 1 | Operation: abortTransaction | Transaction with { txnNumber: 317 } has been aborted.
[08:56:09.399] [ERROR] [ERROR] MongoDB query failed | Collection: Operation sheet | Operation: delete | Caused by :: Write conflict during plan execution and yielding is disabled. :: Please retry your operation or multi-document transaction.
[08:56:09.618] [ERROR] [ERROR] MongoDB query failed | Collection: 1 | Operation: abortTransaction | Transaction with { txnNumber: 318 } has been aborted.
[08:56:09.835] [ERROR] [ERROR] MongoDB query failed | Collection: Operation sheet | Operation: delete | Caused by :: Write conflict during plan execution and yielding is disabled. :: Please retry your operation or multi-document transaction.
[08:56:10.052] [ERROR] [ERROR] MongoDB query failed | Collection: 1 | Operation: abortTransaction | Transaction with { txnNumber: 319 } has been aborted.
[08:56:10.269] [ERROR] [ERROR] MongoDB query failed | Collection: Operation sheet | Operation: delete | Caused by :: Write conflict during plan execution and yielding is disabled. :: Please retry your operation or multi-document transaction.
[08:56:10.488] [ERROR] [ERROR] MongoDB query failed | Collection: 1 | Operation: abortTransaction | Transaction with { txnNumber: 320 } has been aborted.
[08:56:10.706] [ERROR] [ERROR] MongoDB query failed | Collection: Operation sheet | Operation: delete | Caused by :: Write conflict during plan execution and yielding is disabled. :: Please retry your operation or multi-document transaction.
[08:56:10.924] [ERROR] [ERROR] MongoDB query failed | Collection: 1 | Operation: abortTransaction | Transaction with { txnNumber: 321 } has been aborted.
[08:56:11.142] [ERROR] [ERROR] MongoDB query failed | Collection: Operation sheet | Operation: delete | Caused by :: Write conflict during plan execution and yielding is disabled. :: Please retry your operation or multi-document transaction.
[08:56:11.361] [ERROR] [ERROR] MongoDB query failed | Collection: 1 | Operation: abortTransaction | Transaction with { txnNumber: 322 } has been aborted.
[08:56:11.579] [ERROR] [ERROR] MongoDB query failed | Collection: Operation sheet | Operation: delete | Caused by :: Write conflict during plan execution and yielding is disabled. :: Please retry your operation or multi-document transaction.
[08:56:11.800] [ERROR] [ERROR] MongoDB query failed | Collection: 1 | Operation: abortTransaction | Transaction with { txnNumber: 323 } has been aborted.
[08:56:12.019] [ERROR] [ERROR] MongoDB query failed | Collection: Operation sheet | Operation: delete | Caused by :: Write conflict during plan execution and yielding is disabled. :: Please retry your operation or multi-document transaction.
[08:56:12.239] [ERROR] [ERROR] MongoDB query failed | Collection: 1 | Operation: abortTransaction | Transaction with { txnNumber: 324 } has been aborted.
[08:56:12.459] [ERROR] [ERROR] MongoDB query failed | Collection: Operation sheet | Operation: delete | Caused by :: Write conflict during plan execution and yielding is disabled. :: Please retry your operation or multi-document transaction.
[08:56:12.680] [ERROR] [ERROR] MongoDB query failed | Collection: 1 | Operation: abortTransaction | Transaction with { txnNumber: 325 } has been aborted.
[08:56:12.901] [ERROR] [ERROR] MongoDB query failed | Collection: Operation sheet | Operation: delete | Caused by :: Write conflict during plan execution and yielding is disabled. :: Please retry your operation or multi-document transaction.
[08:56:13.134] [ERROR] [ERROR] MongoDB query failed | Collection: 1 | Operation: abortTransaction | Transaction with { txnNumber: 326 } has been aborted.
[09:01:01.038] [ERROR] [ERROR] MongoDB query failed | Collection: New Lease | Operation: delete | Caused by :: Write conflict during plan execution and yielding is disabled. :: Please retry your operation or multi-document transaction.
[09:01:01.301] [ERROR] [ERROR] MongoDB query failed | Collection: 1 | Operation: abortTransaction | Transaction with { txnNumber: 351 } has been aborted.
[09:01:09.376] [ERROR] [ERROR] MongoDB query failed | Collection: Operation sheet | Operation: delete | Caused by :: Write conflict during plan execution and yielding is disabled. :: Please retry your operation or multi-document transaction.
[09:01:09.598] [ERROR] [ERROR] MongoDB query failed | Collection: 1 | Operation: abortTransaction | Transaction with { txnNumber: 236 } has been aborted.
[09:01:09.863] [ERROR] [ERROR] MongoDB query failed | Collection: Operation sheet | Operation: delete | Caused by :: Write conflict during plan execution and yielding is disabled. :: Please retry your operation or multi-document transaction.
[09:01:10.129] [ERROR] [ERROR] MongoDB query failed | Collection: 1 | Operation: abortTransaction | Transaction with { txnNumber: 237 } has been aborted.
[09:01:10.356] [ERROR] [ERROR] MongoDB query failed | Collection: Operation sheet | Operation: delete | Caused by :: Write conflict during plan execution and yielding is disabled. :: Please retry your operation or multi-document transaction.
[09:01:10.622] [ERROR] [ERROR] MongoDB query failed | Collection: 1 | Operation: abortTransaction | Transaction with { txnNumber: 238 } has been aborted.
[09:01:10.851] [ERROR] [ERROR] MongoDB query failed | Collection: Operation sheet | Operation: delete | Caused by :: Write conflict during plan execution and yielding is disabled. :: Please retry your operation or multi-document transaction.
[09:01:11.073] [ERROR] [ERROR] MongoDB query failed | Collection: 1 | Operation: abortTransaction | Transaction with { txnNumber: 239 } has been aborted.
[09:01:11.338] [ERROR] [ERROR] MongoDB query failed | Collection: Operation sheet | Operation: delete | Caused by :: Write conflict during plan execution and yielding is disabled. :: Please retry your operation or multi-document transaction.
[09:01:11.585] [ERROR] [ERROR] MongoDB query failed | Collection: 1 | Operation: abortTransaction | Transaction with { txnNumber: 240 } has been aborted.
[09:01:11.851] [ERROR] [ERROR] MongoDB query failed | Collection: Operation sheet | Operation: delete | Caused by :: Write conflict during plan execution and yielding is disabled. :: Please retry your operation or multi-document transaction.
[09:01:12.073] [ERROR] [ERROR] MongoDB query failed | Collection: 1 | Operation: abortTransaction | Transaction with { txnNumber: 241 } has been aborted.
[09:01:12.296] [ERROR] [ERROR] MongoDB query failed | Collection: Operation sheet | Operation: delete | Caused by :: Write conflict during plan execution and yielding is disabled. :: Please retry your operation or multi-document transaction.
[09:01:12.530] [ERROR] [ERROR] MongoDB query failed | Collection: 1 | Operation: abortTransaction | Transaction with { txnNumber: 242 } has been aborted.
[09:01:12.762] [ERROR] [ERROR] MongoDB query failed | Collection: Operation sheet | Operation: delete | Caused by :: Write conflict during plan execution and yielding is disabled. :: Please retry your operation or multi-document transaction.
[09:01:13.005] [ERROR] [ERROR] MongoDB query failed | Collection: 1 | Operation: abortTransaction | Transaction with { txnNumber: 243 } has been aborted.
[09:01:13.229] [ERROR] [ERROR] MongoDB query failed | Collection: Operation sheet | Operation: delete | Caused by :: Write conflict during plan execution and yielding is disabled. :: Please retry your operation or multi-document transaction.
[09:01:13.494] [ERROR] [ERROR] MongoDB query failed | Collection: 1 | Operation: abortTransaction | Transaction with { txnNumber: 244 } has been aborted.
[09:03:41.127] [ERROR] [ERROR] MongoDB query failed | Collection: STAGE-10 | Operation: insert | read ECONNRESET
[09:22:07.369] [ERROR] [ERROR] MongoDB query failed | Collection: STAGE-8 | Operation: getMore | read ECONNRESET
[09:22:08.636] [ERROR] [ERROR] MongoDB query failed | Collection: STAGE-9 | Operation: getMore | read ECONNRESET
[09:48:54.174] [ERROR] [CRON ERROR] warmFmsCache FAILED: read ECONNRESET
[09:48:54.176] [ERROR] [OUTBOX ERROR] tick failed: getaddrinfo ENOTFOUND ac-ruadncn-shard-00-00.ke9sqsl.mongodb.net
[09:51:01.289] [ERROR] [ERROR] MongoDB query failed | Collection: New Lease | Operation: delete | Caused by :: Write conflict during plan execution and yielding is disabled. :: Please retry your operation or multi-document transaction.
[09:51:01.554] [ERROR] [ERROR] MongoDB query failed | Collection: 1 | Operation: abortTransaction | Transaction with { txnNumber: 11 } has been aborted.
[09:51:09.209] [ERROR] [ERROR] MongoDB query failed | Collection: Operation sheet | Operation: delete | Caused by :: Write conflict during plan execution and yielding is disabled. :: Please retry your operation or multi-document transaction.
[09:51:09.430] [ERROR] [ERROR] MongoDB query failed | Collection: 1 | Operation: abortTransaction | Transaction with { txnNumber: 4 } has been aborted.
[09:51:09.691] [ERROR] [ERROR] MongoDB query failed | Collection: Operation sheet | Operation: delete | Caused by :: Write conflict during plan execution and yielding is disabled. :: Please retry your operation or multi-document transaction.
[09:51:09.911] [ERROR] [ERROR] MongoDB query failed | Collection: 1 | Operation: abortTransaction | Transaction with { txnNumber: 5 } has been aborted.
[09:51:10.126] [ERROR] [ERROR] MongoDB query failed | Collection: Operation sheet | Operation: delete | Caused by :: Write conflict during plan execution and yielding is disabled. :: Please retry your operation or multi-document transaction.
[09:51:10.384] [ERROR] [ERROR] MongoDB query failed | Collection: 1 | Operation: abortTransaction | Transaction with { txnNumber: 6 } has been aborted.
[09:51:10.620] [ERROR] [ERROR] MongoDB query failed | Collection: Operation sheet | Operation: delete | Caused by :: Write conflict during plan execution and yielding is disabled. :: Please retry your operation or multi-document transaction.
[09:51:10.878] [ERROR] [ERROR] MongoDB query failed | Collection: 1 | Operation: abortTransaction | Transaction with { txnNumber: 7 } has been aborted.
[09:51:11.149] [ERROR] [ERROR] MongoDB query failed | Collection: Operation sheet | Operation: delete | Caused by :: Write conflict during plan execution and yielding is disabled. :: Please retry your operation or multi-document transaction.
[09:51:11.410] [ERROR] [ERROR] MongoDB query failed | Collection: 1 | Operation: abortTransaction | Transaction with { txnNumber: 8 } has been aborted.
[09:51:11.627] [ERROR] [ERROR] MongoDB query failed | Collection: Operation sheet | Operation: delete | Caused by :: Write conflict during plan execution and yielding is disabled. :: Please retry your operation or multi-document transaction.
[09:51:11.891] [ERROR] [ERROR] MongoDB query failed | Collection: 1 | Operation: abortTransaction | Transaction with { txnNumber: 9 } has been aborted.
[09:51:12.108] [ERROR] [ERROR] MongoDB query failed | Collection: Operation sheet | Operation: delete | Caused by :: Write conflict during plan execution and yielding is disabled. :: Please retry your operation or multi-document transaction.
[09:51:12.324] [ERROR] [ERROR] MongoDB query failed | Collection: 1 | Operation: abortTransaction | Transaction with { txnNumber: 10 } has been aborted.
[09:51:12.582] [ERROR] [ERROR] MongoDB query failed | Collection: Operation sheet | Operation: delete | Caused by :: Write conflict during plan execution and yielding is disabled. :: Please retry your operation or multi-document transaction.
[09:51:12.841] [ERROR] [ERROR] MongoDB query failed | Collection: 1 | Operation: abortTransaction | Transaction with { txnNumber: 11 } has been aborted.
[09:51:13.101] [ERROR] [ERROR] MongoDB query failed | Collection: Operation sheet | Operation: delete | Caused by :: Write conflict during plan execution and yielding is disabled. :: Please retry your operation or multi-document transaction.
[09:51:13.365] [ERROR] [ERROR] MongoDB query failed | Collection: 1 | Operation: abortTransaction | Transaction with { txnNumber: 12 } has been aborted.
[09:56:01.491] [ERROR] [ERROR] MongoDB query failed | Collection: New Lease | Operation: delete | Caused by :: Write conflict during plan execution and yielding is disabled. :: Please retry your operation or multi-document transaction.
[09:56:01.750] [ERROR] [ERROR] MongoDB query failed | Collection: 1 | Operation: abortTransaction | Transaction with { txnNumber: 2 } has been aborted.
[10:01:09.149] [ERROR] [ERROR] MongoDB query failed | Collection: Operation sheet | Operation: delete | Caused by :: Write conflict during plan execution and yielding is disabled. :: Please retry your operation or multi-document transaction.
[10:01:09.410] [ERROR] [ERROR] MongoDB query failed | Collection: 1 | Operation: abortTransaction | Transaction with { txnNumber: 21 } has been aborted.
[10:01:09.642] [ERROR] [ERROR] MongoDB query failed | Collection: Operation sheet | Operation: delete | Caused by :: Write conflict during plan execution and yielding is disabled. :: Please retry your operation or multi-document transaction.
[10:01:09.857] [ERROR] [ERROR] MongoDB query failed | Collection: 1 | Operation: abortTransaction | Transaction with { txnNumber: 22 } has been aborted.
[10:01:10.071] [ERROR] [ERROR] MongoDB query failed | Collection: Operation sheet | Operation: delete | Caused by :: Write conflict during plan execution and yielding is disabled. :: Please retry your operation or multi-document transaction.
[10:01:10.328] [ERROR] [ERROR] MongoDB query failed | Collection: 1 | Operation: abortTransaction | Transaction with { txnNumber: 23 } has been aborted.
[10:01:10.545] [ERROR] [ERROR] MongoDB query failed | Collection: Operation sheet | Operation: delete | Caused by :: Write conflict during plan execution and yielding is disabled. :: Please retry your operation or multi-document transaction.
[10:01:10.789] [ERROR] [ERROR] MongoDB query failed | Collection: 1 | Operation: abortTransaction | Transaction with { txnNumber: 24 } has been aborted.
[10:01:11.005] [ERROR] [ERROR] MongoDB query failed | Collection: Operation sheet | Operation: delete | Caused by :: Write conflict during plan execution and yielding is disabled. :: Please retry your operation or multi-document transaction.
[10:01:11.264] [ERROR] [ERROR] MongoDB query failed | Collection: 1 | Operation: abortTransaction | Transaction with { txnNumber: 25 } has been aborted.
[10:01:11.534] [ERROR] [ERROR] MongoDB query failed | Collection: Operation sheet | Operation: delete | Caused by :: Write conflict during plan execution and yielding is disabled. :: Please retry your operation or multi-document transaction.
[10:01:11.763] [ERROR] [ERROR] MongoDB query failed | Collection: 1 | Operation: abortTransaction | Transaction with { txnNumber: 26 } has been aborted.
[10:01:12.026] [ERROR] [ERROR] MongoDB query failed | Collection: Operation sheet | Operation: delete | Caused by :: Write conflict during plan execution and yielding is disabled. :: Please retry your operation or multi-document transaction.
[10:01:12.284] [ERROR] [ERROR] MongoDB query failed | Collection: 1 | Operation: abortTransaction | Transaction with { txnNumber: 27 } has been aborted.
[10:01:12.543] [ERROR] [ERROR] MongoDB query failed | Collection: Operation sheet | Operation: delete | Caused by :: Write conflict during plan execution and yielding is disabled. :: Please retry your operation or multi-document transaction.
[10:01:12.798] [ERROR] [ERROR] MongoDB query failed | Collection: 1 | Operation: abortTransaction | Transaction with { txnNumber: 28 } has been aborted.
[10:06:08.022] [ERROR] [ERROR] MongoDB query failed | Collection: Operation sheet | Operation: delete | Caused by :: Write conflict during plan execution and yielding is disabled. :: Please retry your operation or multi-document transaction.
[10:06:08.243] [ERROR] [ERROR] MongoDB query failed | Collection: 1 | Operation: abortTransaction | Transaction with { txnNumber: 40 } has been aborted.
[10:06:08.456] [ERROR] [ERROR] MongoDB query failed | Collection: Operation sheet | Operation: delete | Caused by :: Write conflict during plan execution and yielding is disabled. :: Please retry your operation or multi-document transaction.
[10:06:08.679] [ERROR] [ERROR] MongoDB query failed | Collection: 1 | Operation: abortTransaction | Transaction with { txnNumber: 41 } has been aborted.
[10:06:08.895] [ERROR] [ERROR] MongoDB query failed | Collection: Operation sheet | Operation: delete | Caused by :: Write conflict during plan execution and yielding is disabled. :: Please retry your operation or multi-document transaction.
[10:06:09.111] [ERROR] [ERROR] MongoDB query failed | Collection: 1 | Operation: abortTransaction | Transaction with { txnNumber: 42 } has been aborted.
[10:06:09.341] [ERROR] [ERROR] MongoDB query failed | Collection: Operation sheet | Operation: delete | Caused by :: Write conflict during plan execution and yielding is disabled. :: Please retry your operation or multi-document transaction.
[10:06:09.600] [ERROR] [ERROR] MongoDB query failed | Collection: 1 | Operation: abortTransaction | Transaction with { txnNumber: 43 } has been aborted.
[10:06:10.119] [ERROR] [ERROR] MongoDB query failed | Collection: Operation sheet | Operation: delete | Caused by :: Write conflict during plan execution and yielding is disabled. :: Please retry your operation or multi-document transaction.
[10:06:10.334] [ERROR] [ERROR] MongoDB query failed | Collection: 1 | Operation: abortTransaction | Transaction with { txnNumber: 44 } has been aborted.
[10:06:10.548] [ERROR] [ERROR] MongoDB query failed | Collection: Operation sheet | Operation: delete | Caused by :: Write conflict during plan execution and yielding is disabled. :: Please retry your operation or multi-document transaction.
[10:06:10.766] [ERROR] [ERROR] MongoDB query failed | Collection: 1 | Operation: abortTransaction | Transaction with { txnNumber: 45 } has been aborted.
[10:06:10.984] [ERROR] [ERROR] MongoDB query failed | Collection: Operation sheet | Operation: delete | Caused by :: Write conflict during plan execution and yielding is disabled. :: Please retry your operation or multi-document transaction.
[10:06:11.229] [ERROR] [ERROR] MongoDB query failed | Collection: 1 | Operation: abortTransaction | Transaction with { txnNumber: 46 } has been aborted.
[10:06:11.488] [ERROR] [ERROR] MongoDB query failed | Collection: Operation sheet | Operation: delete | Caused by :: Write conflict during plan execution and yielding is disabled. :: Please retry your operation or multi-document transaction.
[10:06:11.715] [ERROR] [ERROR] MongoDB query failed | Collection: 1 | Operation: abortTransaction | Transaction with { txnNumber: 47 } has been aborted.
[10:06:11.931] [ERROR] [ERROR] MongoDB query failed | Collection: Operation sheet | Operation: delete | Caused by :: Write conflict during plan execution and yielding is disabled. :: Please retry your operation or multi-document transaction.
[10:06:12.148] [ERROR] [ERROR] MongoDB query failed | Collection: 1 | Operation: abortTransaction | Transaction with { txnNumber: 48 } has been aborted.
[10:06:12.389] [ERROR] [ERROR] MongoDB query failed | Collection: Operation sheet | Operation: delete | Caused by :: Write conflict during plan execution and yielding is disabled. :: Please retry your operation or multi-document transaction.
[10:06:12.637] [ERROR] [ERROR] MongoDB query failed | Collection: 1 | Operation: abortTransaction | Transaction with { txnNumber: 49 } has been aborted.
[10:06:12.853] [ERROR] [ERROR] MongoDB query failed | Collection: Operation sheet | Operation: delete | Caused by :: Write conflict during plan execution and yielding is disabled. :: Please retry your operation or multi-document transaction.
[10:06:13.111] [ERROR] [ERROR] MongoDB query failed | Collection: 1 | Operation: abortTransaction | Transaction with { txnNumber: 50 } has been aborted.
[10:06:13.327] [ERROR] [ERROR] MongoDB query failed | Collection: Operation sheet | Operation: delete | Caused by :: Write conflict during plan execution and yielding is disabled. :: Please retry your operation or multi-document transaction.
[10:06:13.585] [ERROR] [ERROR] MongoDB query failed | Collection: 1 | Operation: abortTransaction | Transaction with { txnNumber: 51 } has been aborted.
[10:06:13.802] [ERROR] [ERROR] MongoDB query failed | Collection: Operation sheet | Operation: delete | Caused by :: Write conflict during plan execution and yielding is disabled. :: Please retry your operation or multi-document transaction.
[10:06:14.059] [ERROR] [ERROR] MongoDB query failed | Collection: 1 | Operation: abortTransaction | Transaction with { txnNumber: 52 } has been aborted.
[10:06:14.318] [ERROR] [ERROR] MongoDB query failed | Collection: Operation sheet | Operation: delete | Caused by :: Write conflict during plan execution and yielding is disabled. :: Please retry your operation or multi-document transaction.
[10:06:14.538] [ERROR] [ERROR] MongoDB query failed | Collection: 1 | Operation: abortTransaction | Transaction with { txnNumber: 53 } has been aborted.
[10:06:14.755] [ERROR] [ERROR] MongoDB query failed | Collection: Operation sheet | Operation: delete | Caused by :: Write conflict during plan execution and yielding is disabled. :: Please retry your operation or multi-document transaction.
[10:06:14.970] [ERROR] [ERROR] MongoDB query failed | Collection: 1 | Operation: abortTransaction | Transaction with { txnNumber: 54 } has been aborted.
